../Core/Src/main.c:82:5:main	8	static
../Core/Src/main.c:130:6:SystemClock_Config	88	static
../Core/Src/main.c:178:13:MX_DAC_Init	16	static
../Core/Src/main.c:218:13:MX_TIM1_Init	32	static
../Core/Src/main.c:264:13:MX_USART2_UART_Init	8	static
../Core/Src/main.c:297:13:MX_GPIO_Init	16	static
../Core/Src/main.c:310:6:update_sine_wave	40	static
../Core/Src/main.c:323:6:Process_Command	24	static
../Core/Src/main.c:344:6:HAL_UART_RxCpltCallback	16	static
../Core/Src/main.c:351:6:HAL_TIM_PeriodElapsedCallback	16	static
../Core/Src/main.c:362:6:Error_Handler	4	static,ignoring_inline_asm
