Archive member included to satisfy reference by file (symbol)

C:/ST/STM32CubeIDE_1.15.1/STM32CubeIDE/plugins/com.st.stm32cube.ide.mcu.externaltools.gnu-tools-for-stm32.12.3.rel1.win32_1.0.100.202403111256/tools/bin/../lib/gcc/arm-none-eabi/12.3.1/../../../../arm-none-eabi/lib/thumb/v7e-m+fp/hard\libc_nano.a(libc_a-exit.o)
                              C:/ST/STM32CubeIDE_1.15.1/STM32CubeIDE/plugins/com.st.stm32cube.ide.mcu.externaltools.gnu-tools-for-stm32.12.3.rel1.win32_1.0.100.202403111256/tools/bin/../lib/gcc/arm-none-eabi/12.3.1/../../../../arm-none-eabi/lib/thumb/v7e-m+fp/hard/crt0.o (exit)
C:/ST/STM32CubeIDE_1.15.1/STM32CubeIDE/plugins/com.st.stm32cube.ide.mcu.externaltools.gnu-tools-for-stm32.12.3.rel1.win32_1.0.100.202403111256/tools/bin/../lib/gcc/arm-none-eabi/12.3.1/../../../../arm-none-eabi/lib/thumb/v7e-m+fp/hard\libc_nano.a(libc_a-nano-vfprintf_float.o)
                              (_printf_float)
C:/ST/STM32CubeIDE_1.15.1/STM32CubeIDE/plugins/com.st.stm32cube.ide.mcu.externaltools.gnu-tools-for-stm32.12.3.rel1.win32_1.0.100.202403111256/tools/bin/../lib/gcc/arm-none-eabi/12.3.1/../../../../arm-none-eabi/lib/thumb/v7e-m+fp/hard\libc_nano.a(libc_a-nano-vfprintf_i.o)
                              C:/ST/STM32CubeIDE_1.15.1/STM32CubeIDE/plugins/com.st.stm32cube.ide.mcu.externaltools.gnu-tools-for-stm32.12.3.rel1.win32_1.0.100.202403111256/tools/bin/../lib/gcc/arm-none-eabi/12.3.1/../../../../arm-none-eabi/lib/thumb/v7e-m+fp/hard\libc_nano.a(libc_a-nano-vfprintf_float.o) (_printf_common)
C:/ST/STM32CubeIDE_1.15.1/STM32CubeIDE/plugins/com.st.stm32cube.ide.mcu.externaltools.gnu-tools-for-stm32.12.3.rel1.win32_1.0.100.202403111256/tools/bin/../lib/gcc/arm-none-eabi/12.3.1/../../../../arm-none-eabi/lib/thumb/v7e-m+fp/hard\libc_nano.a(libc_a-nano-vfscanf_float.o)
                              (_scanf_float)
C:/ST/STM32CubeIDE_1.15.1/STM32CubeIDE/plugins/com.st.stm32cube.ide.mcu.externaltools.gnu-tools-for-stm32.12.3.rel1.win32_1.0.100.202403111256/tools/bin/../lib/gcc/arm-none-eabi/12.3.1/../../../../arm-none-eabi/lib/thumb/v7e-m+fp/hard\libc_nano.a(libc_a-findfp.o)
                              C:/ST/STM32CubeIDE_1.15.1/STM32CubeIDE/plugins/com.st.stm32cube.ide.mcu.externaltools.gnu-tools-for-stm32.12.3.rel1.win32_1.0.100.202403111256/tools/bin/../lib/gcc/arm-none-eabi/12.3.1/../../../../arm-none-eabi/lib/thumb/v7e-m+fp/hard\libc_nano.a(libc_a-exit.o) (__stdio_exit_handler)
C:/ST/STM32CubeIDE_1.15.1/STM32CubeIDE/plugins/com.st.stm32cube.ide.mcu.externaltools.gnu-tools-for-stm32.12.3.rel1.win32_1.0.100.202403111256/tools/bin/../lib/gcc/arm-none-eabi/12.3.1/../../../../arm-none-eabi/lib/thumb/v7e-m+fp/hard\libc_nano.a(libc_a-fwalk.o)
                              C:/ST/STM32CubeIDE_1.15.1/STM32CubeIDE/plugins/com.st.stm32cube.ide.mcu.externaltools.gnu-tools-for-stm32.12.3.rel1.win32_1.0.100.202403111256/tools/bin/../lib/gcc/arm-none-eabi/12.3.1/../../../../arm-none-eabi/lib/thumb/v7e-m+fp/hard\libc_nano.a(libc_a-findfp.o) (_fwalk_sglue)
C:/ST/STM32CubeIDE_1.15.1/STM32CubeIDE/plugins/com.st.stm32cube.ide.mcu.externaltools.gnu-tools-for-stm32.12.3.rel1.win32_1.0.100.202403111256/tools/bin/../lib/gcc/arm-none-eabi/12.3.1/../../../../arm-none-eabi/lib/thumb/v7e-m+fp/hard\libc_nano.a(libc_a-sprintf.o)
                              C:/ST/STM32CubeIDE_1.15.1/STM32CubeIDE/plugins/com.st.stm32cube.ide.mcu.externaltools.gnu-tools-for-stm32.12.3.rel1.win32_1.0.100.202403111256/tools/bin/../lib/gcc/arm-none-eabi/12.3.1/../../../../arm-none-eabi/lib/thumb/v7e-m+fp/hard\libc_nano.a(libc_a-nano-vfscanf_float.o) (sprintf)
C:/ST/STM32CubeIDE_1.15.1/STM32CubeIDE/plugins/com.st.stm32cube.ide.mcu.externaltools.gnu-tools-for-stm32.12.3.rel1.win32_1.0.100.202403111256/tools/bin/../lib/gcc/arm-none-eabi/12.3.1/../../../../arm-none-eabi/lib/thumb/v7e-m+fp/hard\libc_nano.a(libc_a-stdio.o)
                              C:/ST/STM32CubeIDE_1.15.1/STM32CubeIDE/plugins/com.st.stm32cube.ide.mcu.externaltools.gnu-tools-for-stm32.12.3.rel1.win32_1.0.100.202403111256/tools/bin/../lib/gcc/arm-none-eabi/12.3.1/../../../../arm-none-eabi/lib/thumb/v7e-m+fp/hard\libc_nano.a(libc_a-findfp.o) (__sread)
C:/ST/STM32CubeIDE_1.15.1/STM32CubeIDE/plugins/com.st.stm32cube.ide.mcu.externaltools.gnu-tools-for-stm32.12.3.rel1.win32_1.0.100.202403111256/tools/bin/../lib/gcc/arm-none-eabi/12.3.1/../../../../arm-none-eabi/lib/thumb/v7e-m+fp/hard\libc_nano.a(libc_a-memset.o)
                              C:/ST/STM32CubeIDE_1.15.1/STM32CubeIDE/plugins/com.st.stm32cube.ide.mcu.externaltools.gnu-tools-for-stm32.12.3.rel1.win32_1.0.100.202403111256/tools/bin/../lib/gcc/arm-none-eabi/12.3.1/../../../../arm-none-eabi/lib/thumb/v7e-m+fp/hard/crt0.o (memset)
C:/ST/STM32CubeIDE_1.15.1/STM32CubeIDE/plugins/com.st.stm32cube.ide.mcu.externaltools.gnu-tools-for-stm32.12.3.rel1.win32_1.0.100.202403111256/tools/bin/../lib/gcc/arm-none-eabi/12.3.1/../../../../arm-none-eabi/lib/thumb/v7e-m+fp/hard\libc_nano.a(libc_a-localeconv.o)
[...]
Memory Configuration

Name             Origin             Length             Attributes
RAM              0x20000000         0x00020000         xrw
FLASH            0x08000000         0x00080000         xr
*default*        0x00000000         0xffffffff

Linker script and memory map

LOAD C:/ST/STM32CubeIDE_1.15.1/STM32CubeIDE/plugins/com.st.stm32cube.ide.mcu.externaltools.gnu-tools-for-stm32.12.3.rel1.win32_1.0.100.202403111256/tools/bin/../lib/gcc/arm-none-eabi/12.3.1/thumb/v7e-m+fp/hard/crti.o
LOAD C:/ST/STM32CubeIDE_1.15.1/STM32CubeIDE/plugins/com.st.stm32cube.ide.mcu.externaltools.gnu-tools-for-stm32.12.3.rel1.win32_1.0.100.202403111256/tools/bin/../lib/gcc/arm-none-eabi/12.3.1/thumb/v7e-m+fp/hard/crtbegin.o
LOAD C:/ST/STM32CubeIDE_1.15.1/STM32CubeIDE/plugins/com.st.stm32cube.ide.mcu.externaltools.gnu-tools-for-stm32.12.3.rel1.win32_1.0.100.202403111256/tools/bin/../lib/gcc/arm-none-eabi/12.3.1/../../../../arm-none-eabi/lib/thumb/v7e-m+fp/hard/crt0.o
LOAD ./Core/Src/main.o
LOAD ./Core/Src/stm32f4xx_hal_msp.o
LOAD ./Core/Src/stm32f4xx_it.o
LOAD ./Core/Src/syscalls.o
LOAD ./Core/Src/sysmem.o
LOAD ./Core/Src/system_stm32f4xx.o
LOAD ./Core/Startup/startup_stm32f446retx.o
LOAD ./Drivers/STM32F4xx_HAL_Driver/Src/stm32f4xx_hal.o
LOAD ./Drivers/STM32F4xx_HAL_Driver/Src/stm32f4xx_hal_cortex.o
LOAD ./Drivers/STM32F4xx_HAL_Driver/Src/stm32f4xx_hal_dac.o
LOAD ./Drivers/STM32F4xx_HAL_Driver/Src/stm32f4xx_hal_dac_ex.o
LOAD ./Drivers/STM32F4xx_HAL_Driver/Src/stm32f4xx_hal_dma.o
LOAD ./Drivers/STM32F4xx_HAL_Driver/Src/stm32f4xx_hal_dma_ex.o
LOAD ./Drivers/STM32F4xx_HAL_Driver/Src/stm32f4xx_hal_exti.o
LOAD ./Drivers/STM32F4xx_HAL_Driver/Src/stm32f4xx_hal_flash.o
LOAD ./Drivers/STM32F4xx_HAL_Driver/Src/stm32f4xx_hal_flash_ex.o
LOAD ./Drivers/STM32F4xx_HAL_Driver/Src/stm32f4xx_hal_flash_ramfunc.o
LOAD ./Drivers/STM32F4xx_HAL_Driver/Src/stm32f4xx_hal_gpio.o
LOAD ./Drivers/STM32F4xx_HAL_Driver/Src/stm32f4xx_hal_pwr.o
LOAD ./Drivers/STM32F4xx_HAL_Driver/Src/stm32f4xx_hal_pwr_ex.o
LOAD ./Drivers/STM32F4xx_HAL_Driver/Src/stm32f4xx_hal_rcc.o
LOAD ./Drivers/STM32F4xx_HAL_Driver/Src/stm32f4xx_hal_rcc_ex.o
LOAD ./Drivers/STM32F4xx_HAL_Driver/Src/stm32f4xx_hal_tim.o
LOAD ./Drivers/STM32F4xx_HAL_Driver/Src/stm32f4xx_hal_tim_ex.o
LOAD ./Drivers/STM32F4xx_HAL_Driver/Src/stm32f4xx_hal_uart.o
START GROUP
LOAD C:/ST/STM32CubeIDE_1.15.1/STM32CubeIDE/plugins/com.st.stm32cube.ide.mcu.externaltools.gnu-tools-for-stm32.12.3.rel1.win32_1.0.100.202403111256/tools/bin/../lib/gcc/arm-none-eabi/12.3.1/../../../../arm-none-eabi/lib/thumb/v7e-m+fp/hard\libc_nano.a
LOAD C:/ST/STM32CubeIDE_1.15.1/STM32CubeIDE/plugins/com.st.stm32cube.ide.mcu.externaltools.gnu-tools-for-stm32.12.3.rel1.win32_1.0.100.202403111256/tools/bin/../lib/gcc/arm-none-eabi/12.3.1/../../../../arm-none-eabi/lib/thumb/v7e-m+fp/hard\libm.a
END GROUP
START GROUP
LOAD C:/ST/STM32CubeIDE_1.15.1/STM32CubeIDE/plugins/com.st.stm32cube.ide.mcu.externaltools.gnu-tools-for-stm32.12.3.rel1.win32_1.0.100.202403111256/tools/bin/../lib/gcc/arm-none-eabi/12.3.1/thumb/v7e-m+fp/hard\libgcc.a
LOAD C:/ST/STM32CubeIDE_1.15.1/STM32CubeIDE/plugins/com.st.stm32cube.ide.mcu.externaltools.gnu-tools-for-stm32.12.3.rel1.win32_1.0.100.202403111256/tools/bin/../lib/gcc/arm-none-eabi/12.3.1/../../../../arm-none-eabi/lib/thumb/v7e-m+fp/hard\libc_nano.a
END GROUP
START GROUP
LOAD C:/ST/STM32CubeIDE_1.15.1/STM32CubeIDE/plugins/com.st.stm32cube.ide.mcu.externaltools.gnu-tools-for-stm32.12.3.rel1.win32_1.0.100.202403111256/tools/bin/../lib/gcc/arm-none-eabi/12.3.1/thumb/v7e-m+fp/hard\libgcc.a
LOAD C:/ST/STM32CubeIDE_1.15.1/STM32CubeIDE/plugins/com.st.stm32cube.ide.mcu.externaltools.gnu-tools-for-stm32.12.3.rel1.win32_1.0.100.202403111256/tools/bin/../lib/gcc/arm-none-eabi/12.3.1/../../../../arm-none-eabi/lib/thumb/v7e-m+fp/hard\libc_nano.a
LOAD C:/ST/STM32CubeIDE_1.15.1/STM32CubeIDE/plugins/com.st.stm32cube.ide.mcu.externaltools.gnu-tools-for-stm32.12.3.rel1.win32_1.0.100.202403111256/tools/bin/../lib/gcc/arm-none-eabi/12.3.1/../../../../arm-none-eabi/lib/thumb/v7e-m+fp/hard\libnosys.a
END GROUP
START GROUP
LOAD C:/ST/STM32CubeIDE_1.15.1/STM32CubeIDE/plugins/com.st.stm32cube.ide.mcu.externaltools.gnu-tools-for-stm32.12.3.rel1.win32_1.0.100.202403111256/tools/bin/../lib/gcc/arm-none-eabi/12.3.1/thumb/v7e-m+fp/hard\libgcc.a
LOAD C:/ST/STM32CubeIDE_1.15.1/STM32CubeIDE/plugins/com.st.stm32cube.ide.mcu.externaltools.gnu-tools-for-stm32.12.3.rel1.win32_1.0.100.202403111256/tools/bin/../lib/gcc/arm-none-eabi/12.3.1/../../../../arm-none-eabi/lib/thumb/v7e-m+fp/hard\libc_nano.a
LOAD C:/ST/STM32CubeIDE_1.15.1/STM32CubeIDE/plugins/com.st.stm32cube.ide.mcu.externaltools.gnu-tools-for-stm32.12.3.rel1.win32_1.0.100.202403111256/tools/bin/../lib/gcc/arm-none-eabi/12.3.1/../../../../arm-none-eabi/lib/thumb/v7e-m+fp/hard\libnosys.a
END GROUP
LOAD C:/ST/STM32CubeIDE_1.15.1/STM32CubeIDE/plugins/com.st.stm32cube.ide.mcu.externaltools.gnu-tools-for-stm32.12.3.rel1.win32_1.0.100.202403111256/tools/bin/../lib/gcc/arm-none-eabi/12.3.1/thumb/v7e-m+fp/hard/crtend.o
LOAD C:/ST/STM32CubeIDE_1.15.1/STM32CubeIDE/plugins/com.st.stm32cube.ide.mcu.externaltools.gnu-tools-for-stm32.12.3.rel1.win32_1.0.100.202403111256/tools/bin/../lib/gcc/arm-none-eabi/12.3.1/thumb/v7e-m+fp/hard/crtn.o
                0x20020000                        _estack = (ORIGIN (RAM) + LENGTH (RAM))
                0x00000200                        _Min_Heap_Size = 0x200
                0x00000400                        _Min_Stack_Size = 0x400

.isr_vector     0x08000000      0x1c4
                0x08000000                        . = ALIGN (0x4)
 *(.isr_vector)
 .isr_vector    0x08000000      0x1c4 ./Core/Startup/startup_stm32f446retx.o
                0x08000000                g_pfnVectors
                0x080001c4                        . = ALIGN (0x4)

.text           0x080001d0    0x16fb0
                0x080001d0                        . = ALIGN (0x4)
 *(.text)
 .text          0x080001d0       0x40 C:/ST/STM32CubeIDE_1.15.1/STM32CubeIDE/plugins/com.st.stm32cube.ide.mcu.externaltools.gnu-tools-for-stm32.12.3.rel1.win32_1.0.100.202403111256/tools/bin/../lib/gcc/arm-none-eabi/12.3.1/thumb/v7e-m+fp/hard/crtbegin.o
 .text          0x08000210      0x654 ./Core/Src/main.o
                0x08000210                main
                0x08000250                SystemClock_Config
                0x080004d8                calculate_dac_value
                0x08000530                update_sine_wave
                0x0800066c                Process_Command
                0x080007fc                HAL_UART_RxCpltCallback
                0x08000834                HAL_TIM_PeriodElapsedCallback
                0x08000858                Error_Handler
 .text          0x08000864      0x278 ./Core/Src/stm32f4xx_hal_msp.o
                0x08000864                HAL_MspInit
                0x080008b4                HAL_DAC_MspInit
                0x0800093c                HAL_DAC_MspDeInit
                0x08000978                HAL_TIM_Base_MspInit
                0x080009c8                HAL_TIM_Base_MspDeInit
                0x080009fc                HAL_UART_MspInit
                0x08000a9c                HAL_UART_MspDeInit
 .text          0x08000adc       0x84 ./Core/Src/stm32f4xx_it.o
                0x08000adc                NMI_Handler
                0x08000ae4                HardFault_Handler
                0x08000aec                MemManage_Handler
                0x08000af4                BusFault_Handler
                0x08000afc                UsageFault_Handler
                0x08000b04                SVC_Handler
                0x08000b12                DebugMon_Handler
                0x08000b20                PendSV_Handler
                0x08000b2e                SysTick_Handler
                0x08000b3a                TIM1_UP_TIM10_IRQHandler
                0x08000b4c                USART2_IRQHandler
 .text          0x08000b60      0x216 ./Core/Src/syscalls.o
                0x08000b60                initialise_monitor_handles
                0x08000b6e                _getpid
                0x08000b7e                _kill
                0x08000b9e                _exit
                0x08000bb4                _read
                0x08000bee                _write
                0x08000c26                _close
                0x08000c3e                _fstat
                0x08000c5e                _isatty
                0x08000c74                _lseek
                0x08000c8e                _open
                0x08000caa                _wait
                0x08000cc8                _unlink
                0x08000ce6                _times
                0x08000cfe                _stat
                0x08000d1e                _link
                0x08000d3e                _fork
                0x08000d54                _execve
 *fill*         0x08000d76        0x2 
 .text          0x08000d78       0x6c ./Core/Src/sysmem.o
                0x08000d78                _sbrk
 .text          0x08000de4      0x124 ./Core/Src/system_stm32f4xx.o
                0x08000de4                SystemInit
                0x08000e08                SystemCoreClockUpdate
 .text          0x08000f08      0x3e4 ./Drivers/STM32F4xx_HAL_Driver/Src/stm32f4xx_hal.o
                0x08000f08                HAL_Init
                0x08000f4c                HAL_DeInit
                0x08000fb6                HAL_MspDeInit
                0x08000fc4                HAL_InitTick
                0x08001024                HAL_IncTick
                0x0800104c                HAL_GetTick
                0x08001064                HAL_GetTickPrio
                0x0800107c                HAL_SetTickFreq
                0x080010cc                HAL_GetTickFreq
                0x080010e4                HAL_Delay
                0x0800112c                HAL_SuspendTick
                0x0800114c                HAL_ResumeTick
                0x0800116c                HAL_GetHalVersion
                0x08001180                HAL_GetREVID
                0x08001198                HAL_GetDEVID
                0x080011b4                HAL_DBGMCU_EnableDBGSleepMode
                0x080011d4                HAL_DBGMCU_DisableDBGSleepMode
                0x080011f4                HAL_DBGMCU_EnableDBGStopMode
                0x08001214                HAL_DBGMCU_DisableDBGStopMode
                0x08001234                HAL_DBGMCU_EnableDBGStandbyMode
                0x08001254                HAL_DBGMCU_DisableDBGStandbyMode
                0x08001274                HAL_EnableCompensationCell
                0x0800128c                HAL_DisableCompensationCell
                0x080012a4                HAL_GetUIDw0
                0x080012bc                HAL_GetUIDw1
                0x080012d4                HAL_GetUIDw2
 .text          0x080012ec      0x6d0 ./Drivers/STM32F4xx_HAL_Driver/Src/stm32f4xx_hal_cortex.o
                0x080016bc                HAL_NVIC_SetPriorityGrouping
                0x080016d2                HAL_NVIC_SetPriority
                0x0800170a                HAL_NVIC_EnableIRQ
                0x08001726                HAL_NVIC_DisableIRQ
                0x08001742                HAL_NVIC_SystemReset
                0x0800174a                HAL_SYSTICK_Config
                0x08001762                HAL_MPU_Disable
                0x08001790                HAL_MPU_Enable
                0x080017d0                HAL_MPU_EnableRegion
                0x080017fc                HAL_MPU_DisableRegion
                0x08001828                HAL_MPU_ConfigRegion
                0x080018a8                HAL_CORTEX_ClearEvent
                0x080018ba                HAL_NVIC_GetPriorityGrouping
                0x080018c8                HAL_NVIC_GetPriority
                0x080018f4                HAL_NVIC_SetPendingIRQ
                0x08001910                HAL_NVIC_GetPendingIRQ
                0x0800192e                HAL_NVIC_ClearPendingIRQ
                0x0800194a                HAL_NVIC_GetActive
                0x08001968                HAL_SYSTICK_CLKSourceConfig
                0x080019a0                HAL_SYSTICK_IRQHandler
                0x080019ac                HAL_SYSTICK_Callback
 .text          0x080019bc      0x68c ./Drivers/STM32F4xx_HAL_Driver/Src/stm32f4xx_hal_dac.o
                0x080019bc                HAL_DAC_Init
                0x08001a00                HAL_DAC_DeInit
                0x08001a62                HAL_DAC_Start
                0x08001b10                HAL_DAC_Stop
                0x08001b54                HAL_DAC_Start_DMA
                0x08001cd8                HAL_DAC_Stop_DMA
                0x08001d72                HAL_DAC_IRQHandler
                0x08001e1e                HAL_DAC_SetValue
                0x08001e72                HAL_DAC_ConvCpltCallbackCh1
                0x08001e86                HAL_DAC_ConvHalfCpltCallbackCh1
                0x08001e9a                HAL_DAC_ErrorCallbackCh1
                0x08001eae                HAL_DAC_DMAUnderrunCallbackCh1
                0x08001ec2                HAL_DAC_GetValue
                0x08001ef6                HAL_DAC_ConfigChannel
                0x08001fa8                HAL_DAC_GetState
                0x08001fc2                HAL_DAC_GetError
                0x08001fda                DAC_DMAConvCpltCh1
                0x08001ffc                DAC_DMAHalfConvCpltCh1
                0x08002018                DAC_DMAErrorCh1
 .text          0x08002048      0x324 ./Drivers/STM32F4xx_HAL_Driver/Src/stm32f4xx_hal_dac_ex.o
                0x08002048                HAL_DACEx_DualStart
                0x080020ee                HAL_DACEx_DualStop
                0x08002134                HAL_DACEx_TriangleWaveGenerate
                0x080021ac                HAL_DACEx_NoiseWaveGenerate
                0x08002224                HAL_DACEx_DualSetValue
                0x0800227c                HAL_DACEx_ConvCpltCallbackCh2
                0x08002290                HAL_DACEx_ConvHalfCpltCallbackCh2
                0x080022a4                HAL_DACEx_ErrorCallbackCh2
                0x080022b8                HAL_DACEx_DMAUnderrunCallbackCh2
                0x080022cc                HAL_DACEx_DualGetValue
                0x08002300                DAC_DMAConvCpltCh2
                0x08002322                DAC_DMAHalfConvCpltCh2
                0x0800233e                DAC_DMAErrorCh2
 .text          0x0800236c      0xca0 ./Drivers/STM32F4xx_HAL_Driver/Src/stm32f4xx_hal_dma.o
                0x0800236c                HAL_DMA_Init
                0x080024c8                HAL_DMA_DeInit
                0x08002584                HAL_DMA_Start
                0x080025fa                HAL_DMA_Start_IT
                0x080026aa                HAL_DMA_Abort
                0x0800278a                HAL_DMA_Abort_IT
                0x080027ce                HAL_DMA_PollForTransfer
                0x0800298c                HAL_DMA_IRQHandler
                0x08002ca0                HAL_DMA_RegisterCallback
                0x08002d48                HAL_DMA_UnRegisterCallback
                0x08002e1a                HAL_DMA_GetState
                0x08002e36                HAL_DMA_GetError
 .text          0x0800300c      0x640 ./Drivers/STM32F4xx_HAL_Driver/Src/stm32f4xx_hal_gpio.o
                0x0800300c                HAL_GPIO_Init
                0x08003334                HAL_GPIO_DeInit
                0x0800351c                HAL_GPIO_ReadPin
                0x0800354c                HAL_GPIO_WritePin
                0x0800357e                HAL_GPIO_TogglePin
                0x080035b2                HAL_GPIO_LockPin
                0x08003602                HAL_GPIO_EXTI_IRQHandler
                0x08003634                HAL_GPIO_EXTI_Callback
 .text          0x0800364c      0xb94 ./Drivers/STM32F4xx_HAL_Driver/Src/stm32f4xx_hal_rcc.o
                0x08003b5c                HAL_RCC_ClockConfig
                0x08003d28                HAL_RCC_MCOConfig
                0x08003df8                HAL_RCC_EnableCSS
                0x08003e10                HAL_RCC_DisableCSS
                0x08003fb4                HAL_RCC_GetHCLKFreq
                0x08003fcc                HAL_RCC_GetPCLK1Freq
                0x08003ff4                HAL_RCC_GetPCLK2Freq
                0x08004144                HAL_RCC_GetClockConfig
                0x080041a8                HAL_RCC_NMI_IRQHandler
                0x080041d0                HAL_RCC_CSSCallback
 .text          0x080041e0     0x1a30 ./Drivers/STM32F4xx_HAL_Driver/Src/stm32f4xx_hal_rcc_ex.o
                0x080041e0                HAL_RCCEx_PeriphCLKConfig
                0x08004834                HAL_RCCEx_GetPeriphCLKConfig
                0x080049c0                HAL_RCCEx_GetPeriphCLKFreq
                0x08004e54                HAL_RCCEx_SelectLSEMode
                0x08004e90                HAL_RCCEx_EnablePLLI2S
                0x08004f30                HAL_RCCEx_DisablePLLI2S
                0x08004f74                HAL_RCCEx_EnablePLLSAI
                0x08005010                HAL_RCCEx_DisablePLLSAI
                0x08005058                HAL_RCC_GetSysClockFreq
                0x080053ac                HAL_RCC_DeInit
                0x0800559c                HAL_RCC_OscConfig
                0x08005ad8                HAL_RCC_GetOscConfig
 .text          0x08005c10     0x5e64 ./Drivers/STM32F4xx_HAL_Driver/Src/stm32f4xx_hal_tim.o
                0x08005c10                HAL_TIM_Base_Init
                0x08005cae                HAL_TIM_Base_DeInit
                0x08005d7e                HAL_TIM_Base_Start
                0x08005e4c                HAL_TIM_Base_Stop
                0x08005e9a                HAL_TIM_Base_Start_IT
                0x08005f78                HAL_TIM_Base_Stop_IT
                0x08005fd6                HAL_TIM_Base_Start_DMA
                0x0800611c                HAL_TIM_Base_Stop_DMA
                0x08006180                HAL_TIM_OC_Init
                0x0800621e                HAL_TIM_OC_DeInit
                0x080062c6                HAL_TIM_OC_MspInit
                0x080062da                HAL_TIM_OC_MspDeInit
                0x080062ee                HAL_TIM_OC_Start
                0x08006480                HAL_TIM_OC_Stop
                0x08006560                HAL_TIM_OC_Start_IT
                0x0800678c                HAL_TIM_OC_Stop_IT
                0x08006908                HAL_TIM_OC_Start_DMA
                0x08006c98                HAL_TIM_OC_Stop_DMA
                0x08006e3c                HAL_TIM_PWM_Init
                0x08006eda                HAL_TIM_PWM_DeInit
                0x08006f82                HAL_TIM_PWM_MspInit
                0x08006f96                HAL_TIM_PWM_MspDeInit
                0x08006faa                HAL_TIM_PWM_Start
                0x0800713c                HAL_TIM_PWM_Stop
                0x0800721c                HAL_TIM_PWM_Start_IT
                0x08007448                HAL_TIM_PWM_Stop_IT
                0x080075c4                HAL_TIM_PWM_Start_DMA
                0x08007954                HAL_TIM_PWM_Stop_DMA
                0x08007af8                HAL_TIM_IC_Init
                0x08007b96                HAL_TIM_IC_DeInit
                0x08007c3e                HAL_TIM_IC_MspInit
                0x08007c52                HAL_TIM_IC_MspDeInit
                0x08007c66                HAL_TIM_IC_Start
                0x08007e1c                HAL_TIM_IC_Stop
                0x08007ede                HAL_TIM_IC_Start_IT
                0x0800812c                HAL_TIM_IC_Stop_IT
                0x08008288                HAL_TIM_IC_Start_DMA
                0x080085dc                HAL_TIM_IC_Stop_DMA
                0x0800875e                HAL_TIM_OnePulse_Init
                0x080087fe                HAL_TIM_OnePulse_DeInit
                0x08008886                HAL_TIM_OnePulse_MspInit
                0x0800889a                HAL_TIM_OnePulse_MspDeInit
                0x080088ae                HAL_TIM_OnePulse_Start
                0x08008970                HAL_TIM_OnePulse_Stop
                0x08008a48                HAL_TIM_OnePulse_Start_IT
                0x08008b2c                HAL_TIM_OnePulse_Stop_IT
                0x08008c24                HAL_TIM_Encoder_Init
                0x08008d70                HAL_TIM_Encoder_DeInit
                0x08008df8                HAL_TIM_Encoder_MspInit
                0x08008e0c                HAL_TIM_Encoder_MspDeInit
                0x08008e20                HAL_TIM_Encoder_Start
                0x08008f3c                HAL_TIM_Encoder_Stop
                0x0800906a                HAL_TIM_Encoder_Start_IT
                0x080091c6                HAL_TIM_Encoder_Stop_IT
                0x08009330                HAL_TIM_Encoder_Start_DMA
                0x08009608                HAL_TIM_Encoder_Stop_DMA
                0x0800979a                HAL_TIM_IRQHandler
                0x0800997a                HAL_TIM_OC_ConfigChannel
                0x08009a30                HAL_TIM_IC_ConfigChannel
                0x08009b68                HAL_TIM_PWM_ConfigChannel
                0x08009cec                HAL_TIM_OnePulse_ConfigChannel
                0x08009e90                HAL_TIM_DMABurst_WriteStart
                0x08009ec4                HAL_TIM_DMABurst_MultiWriteStart
                0x0800a16c                HAL_TIM_DMABurst_WriteStop
                0x0800a260                HAL_TIM_DMABurst_ReadStart
                0x0800a294                HAL_TIM_DMABurst_MultiReadStart
                0x0800a53c                HAL_TIM_DMABurst_ReadStop
                0x0800a630                HAL_TIM_GenerateEvent
                0x0800a67e                HAL_TIM_ConfigOCrefClear
                0x0800a818                HAL_TIM_ConfigClockSource
                0x0800a9a6                HAL_TIM_ConfigTI1Input
                0x0800a9de                HAL_TIM_SlaveConfigSynchro
                0x0800aa62                HAL_TIM_SlaveConfigSynchro_IT
                0x0800aae6                HAL_TIM_ReadCapturedValue
                0x0800ab80                HAL_TIM_PeriodElapsedHalfCpltCallback
                0x0800ab94                HAL_TIM_OC_DelayElapsedCallback
                0x0800aba8                HAL_TIM_IC_CaptureCallback
                0x0800abbc                HAL_TIM_IC_CaptureHalfCpltCallback
                0x0800abd0                HAL_TIM_PWM_PulseFinishedCallback
                0x0800abe4                HAL_TIM_PWM_PulseFinishedHalfCpltCallback
                0x0800abf8                HAL_TIM_TriggerCallback
                0x0800ac0c                HAL_TIM_TriggerHalfCpltCallback
                0x0800ac20                HAL_TIM_ErrorCallback
                0x0800ac34                HAL_TIM_Base_GetState
                0x0800ac50                HAL_TIM_OC_GetState
                0x0800ac6c                HAL_TIM_PWM_GetState
                0x0800ac88                HAL_TIM_IC_GetState
                0x0800aca4                HAL_TIM_OnePulse_GetState
                0x0800acc0                HAL_TIM_Encoder_GetState
                0x0800acdc                HAL_TIM_GetActiveChannel
                0x0800acf4                HAL_TIM_GetChannelState
                0x0800ad46                HAL_TIM_DMABurstState
                0x0800ad62                TIM_DMAError
                0x0800ae9c                TIM_DMADelayPulseHalfCplt
                0x0800af04                TIM_DMACaptureCplt
                0x0800afcc                TIM_DMACaptureHalfCplt
                0x0800b0c8                TIM_Base_SetConfig
                0x0800b300                TIM_OC2_SetConfig
                0x0800b6a2                TIM_TI1_SetConfig
                0x0800b9e8                TIM_ETR_SetConfig
                0x0800ba28                TIM_CCxChannelCmd
 .text          0x0800ba74     0x23a8 ./Drivers/STM32F4xx_HAL_Driver/Src/stm32f4xx_hal_tim_ex.o
                0x0800ba74                HAL_TIMEx_HallSensor_Init
                0x0800bbc6                HAL_TIMEx_HallSensor_DeInit
                0x0800bc4e                HAL_TIMEx_HallSensor_MspInit
                0x0800bc62                HAL_TIMEx_HallSensor_MspDeInit
                0x0800bc76                HAL_TIMEx_HallSensor_Start
                0x0800bd94                HAL_TIMEx_HallSensor_Stop
                0x0800be04                HAL_TIMEx_HallSensor_Start_IT
                0x0800bf30                HAL_TIMEx_HallSensor_Stop_IT
                0x0800bfb0                HAL_TIMEx_HallSensor_Start_DMA
                0x0800c11c                HAL_TIMEx_HallSensor_Stop_DMA
                0x0800c196                HAL_TIMEx_OCN_Start
                0x0800c308                HAL_TIMEx_OCN_Stop
                0x0800c3c2                HAL_TIMEx_OCN_Start_IT
                0x0800c5a4                HAL_TIMEx_OCN_Stop_IT
                0x0800c6e2                HAL_TIMEx_OCN_Start_DMA
                0x0800c9e0                HAL_TIMEx_OCN_Stop_DMA
                0x0800cb18                HAL_TIMEx_PWMN_Start
                0x0800cc8c                HAL_TIMEx_PWMN_Stop
                0x0800cd46                HAL_TIMEx_PWMN_Start_IT
                0x0800cf28                HAL_TIMEx_PWMN_Stop_IT
                0x0800d066                HAL_TIMEx_PWMN_Start_DMA
                0x0800d364                HAL_TIMEx_PWMN_Stop_DMA
                0x0800d49c                HAL_TIMEx_OnePulseN_Start
                0x0800d546                HAL_TIMEx_OnePulseN_Stop
                0x0800d604                HAL_TIMEx_OnePulseN_Start_IT
                0x0800d6ce                HAL_TIMEx_OnePulseN_Stop_IT
                0x0800d7ac                HAL_TIMEx_ConfigCommutEvent
                0x0800d86c                HAL_TIMEx_ConfigCommutEvent_IT
                0x0800d92c                HAL_TIMEx_ConfigCommutEvent_DMA
                0x0800da10                HAL_TIMEx_MasterConfigSynchronization
                0x0800db08                HAL_TIMEx_ConfigBreakDeadTime
                0x0800dbac                HAL_TIMEx_RemapConfig
                0x0800dbea                HAL_TIMEx_CommutCallback
                0x0800dbfe                HAL_TIMEx_CommutHalfCpltCallback
                0x0800dc12                HAL_TIMEx_BreakCallback
                0x0800dc26                HAL_TIMEx_HallSensor_GetState
                0x0800dc42                HAL_TIMEx_GetChannelNState
                0x0800dc94                TIMEx_DMACommutationCplt
                0x0800dcb8                TIMEx_DMACommutationHalfCplt
 .text          0x0800de1c     0x2dac ./Drivers/STM32F4xx_HAL_Driver/Src/stm32f4xx_hal_uart.o
                0x0800de1c                HAL_UART_Init
                0x0800debc                HAL_HalfDuplex_Init
                0x0800df6c                HAL_LIN_Init
                0x0800e03e                HAL_MultiProcessor_Init
                0x0800e124                HAL_UART_DeInit
                0x0800e1b0                HAL_UART_Transmit
                0x0800e2c6                HAL_UART_Receive
                0x0800e3f4                HAL_UART_Transmit_IT
                0x0800e460                HAL_UART_Receive_IT
                0x0800e4aa                HAL_UART_Transmit_DMA
                0x0800e588                HAL_UART_Receive_DMA
                0x0800e5d2                HAL_UART_DMAPause
                0x0800e70c                HAL_UART_DMAResume
                0x0800e828                HAL_UART_DMAStop
                0x0800e926                HAL_UARTEx_ReceiveToIdle
                0x0800eace                HAL_UARTEx_ReceiveToIdle_IT
                0x0800eb88                HAL_UARTEx_ReceiveToIdle_DMA
                0x0800ec42                HAL_UARTEx_GetRxEventType
                0x0800ec5a                HAL_UART_Abort
                0x0800ee30                HAL_UART_AbortTransmit
                0x0800ef00                HAL_UART_AbortReceive
                0x0800f046                HAL_UART_Abort_IT
                0x0800f270                HAL_UART_AbortTransmit_IT
                0x0800f358                HAL_UART_AbortReceive_IT
                0x0800f4bc                HAL_UART_IRQHandler
                0x0800f9e0                HAL_UART_TxCpltCallback
                0x0800f9f4                HAL_UART_TxHalfCpltCallback
                0x0800fa1c                HAL_UART_RxHalfCpltCallback
                0x0800fa30                HAL_UART_ErrorCallback
                0x0800fa44                HAL_UART_AbortCpltCallback
                0x0800fa58                HAL_UART_AbortTransmitCpltCallback
                0x0800fa6c                HAL_UART_AbortReceiveCpltCallback
                0x0800fa80                HAL_UARTEx_RxEventCallback
                0x0800fa98                HAL_LIN_SendBreak
                0x0800fb10                HAL_MultiProcessor_EnterMuteMode
                0x0800fb8e                HAL_MultiProcessor_ExitMuteMode
                0x0800fc0c                HAL_HalfDuplex_EnableTransmitter
                0x0800fc74                HAL_HalfDuplex_EnableReceiver
                0x0800fcdc                HAL_UART_GetState
                0x0800fd18                HAL_UART_GetError
                0x08010094                UART_Start_Receive_IT
                0x08010108                UART_Start_Receive_DMA
 *fill*         0x08010bc8        0x8 
 .text          0x08010bd0       0xa0 C:/ST/STM32CubeIDE_1.15.1/STM32CubeIDE/plugins/com.st.stm32cube.ide.mcu.externaltools.gnu-tools-for-stm32.12.3.rel1.win32_1.0.100.202403111256/tools/bin/../lib/gcc/arm-none-eabi/12.3.1/../../../../arm-none-eabi/lib/thumb/v7e-m+fp/hard\libc_nano.a(libc_a-memchr.o)
                0x08010bd0                memchr
 .text          0x08010c70       0x10 C:/ST/STM32CubeIDE_1.15.1/STM32CubeIDE/plugins/com.st.stm32cube.ide.mcu.externaltools.gnu-tools-for-stm32.12.3.rel1.win32_1.0.100.202403111256/tools/bin/../lib/gcc/arm-none-eabi/12.3.1/../../../../arm-none-eabi/lib/thumb/v7e-m+fp/hard\libc_nano.a(libc_a-strlen.o)
                0x08010c70                strlen
 .text          0x08010c80      0x378 C:/ST/STM32CubeIDE_1.15.1/STM32CubeIDE/plugins/com.st.stm32cube.ide.mcu.externaltools.gnu-tools-for-stm32.12.3.rel1.win32_1.0.100.202403111256/tools/bin/../lib/gcc/arm-none-eabi/12.3.1/thumb/v7e-m+fp/hard\libgcc.a(_arm_addsubdf3.o)
                0x08010c80                __aeabi_drsub
                0x08010c88                __aeabi_dsub
                0x08010c88                __subdf3
                0x08010c8c                __aeabi_dadd
                0x08010c8c                __adddf3
                0x08010f04                __floatunsidf
                0x08010f04                __aeabi_ui2d
                0x08010f24                __floatsidf
                0x08010f24                __aeabi_i2d
                0x08010f48                __aeabi_f2d
                0x08010f48                __extendsfdf2
                0x08010f8c                __floatundidf
                0x08010f8c                __aeabi_ul2d
                0x08010f9c                __floatdidf
                0x08010f9c                __aeabi_l2d
 .text          0x08010ff8      0x424 C:/ST/STM32CubeIDE_1.15.1/STM32CubeIDE/plugins/com.st.stm32cube.ide.mcu.externaltools.gnu-tools-for-stm32.12.3.rel1.win32_1.0.100.202403111256/tools/bin/../lib/gcc/arm-none-eabi/12.3.1/thumb/v7e-m+fp/hard\libgcc.a(_arm_muldivdf3.o)
                0x08010ff8                __aeabi_dmul
                0x08010ff8                __muldf3
                0x0801124c                __divdf3
                0x0801124c                __aeabi_ddiv
 .text          0x0801141c      0x110 C:/ST/STM32CubeIDE_1.15.1/STM32CubeIDE/plugins/com.st.stm32cube.ide.mcu.externaltools.gnu-tools-for-stm32.12.3.rel1.win32_1.0.100.202403111256/tools/bin/../lib/gcc/arm-none-eabi/12.3.1/thumb/v7e-m+fp/hard\libgcc.a(_arm_cmpdf2.o)
                0x0801141c                __gtdf2
                0x0801141c                __gedf2
                0x08011424                __ltdf2
                0x08011424                __ledf2
                0x0801142c                __nedf2
                0x0801142c                __eqdf2
                0x0801142c                __cmpdf2
                0x080114a8                __aeabi_cdrcmple
                0x080114b8                __aeabi_cdcmpeq
                0x080114b8                __aeabi_cdcmple
                0x080114c8                __aeabi_dcmpeq
                0x080114dc                __aeabi_dcmplt
                0x080114f0                __aeabi_dcmple
                0x08011504                __aeabi_dcmpge
                0x08011518                __aeabi_dcmpgt
 .text          0x0801152c       0x2c C:/ST/STM32CubeIDE_1.15.1/STM32CubeIDE/plugins/com.st.stm32cube.ide.mcu.externaltools.gnu-tools-for-stm32.12.3.rel1.win32_1.0.100.202403111256/tools/bin/../lib/gcc/arm-none-eabi/12.3.1/thumb/v7e-m+fp/hard\libgcc.a(_arm_unorddf2.o)
                0x0801152c                __unorddf2
                0x0801152c                __aeabi_dcmpun
 .text          0x08011558       0x50 C:/ST/STM32CubeIDE_1.15.1/STM32CubeIDE/plugins/com.st.stm32cube.ide.mcu.externaltools.gnu-tools-for-stm32.12.3.rel1.win32_1.0.100.202403111256/tools/bin/../lib/gcc/arm-none-eabi/12.3.1/thumb/v7e-m+fp/hard\libgcc.a(_arm_fixdfsi.o)
                0x08011558                __aeabi_d2iz
                0x08011558                __fixdfsi
 .text          0x080115a8       0x40 C:/ST/STM32CubeIDE_1.15.1/STM32CubeIDE/plugins/com.st.stm32cube.ide.mcu.externaltools.gnu-tools-for-stm32.12.3.rel1.win32_1.0.100.202403111256/tools/bin/../lib/gcc/arm-none-eabi/12.3.1/thumb/v7e-m+fp/hard\libgcc.a(_arm_fixunsdfsi.o)
                0x080115a8                __aeabi_d2uiz
                0x080115a8                __fixunsdfsi
 .text          0x080115e8       0xa0 C:/ST/STM32CubeIDE_1.15.1/STM32CubeIDE/plugins/com.st.stm32cube.ide.mcu.externaltools.gnu-tools-for-stm32.12.3.rel1.win32_1.0.100.202403111256/tools/bin/../lib/gcc/arm-none-eabi/12.3.1/thumb/v7e-m+fp/hard\libgcc.a(_arm_truncdfsf2.o)
                0x080115e8                __truncdfsf2
                0x080115e8                __aeabi_d2f
 .text          0x08011688       0x30 C:/ST/STM32CubeIDE_1.15.1/STM32CubeIDE/plugins/com.st.stm32cube.ide.mcu.externaltools.gnu-tools-for-stm32.12.3.rel1.win32_1.0.100.202403111256/tools/bin/../lib/gcc/arm-none-eabi/12.3.1/thumb/v7e-m+fp/hard\libgcc.a(_aeabi_uldivmod.o)
                0x08011688                __aeabi_uldivmod
 .text          0x080116b8       0x30 C:/ST/STM32CubeIDE_1.15.1/STM32CubeIDE/plugins/com.st.stm32cube.ide.mcu.externaltools.gnu-tools-for-stm32.12.3.rel1.win32_1.0.100.202403111256/tools/bin/../lib/gcc/arm-none-eabi/12.3.1/thumb/v7e-m+fp/hard\libgcc.a(_fixdfdi.o)
                0x080116b8                __fixdfdi
                0x080116b8                __aeabi_d2lz
 .text          0x080116e8       0x3c C:/ST/STM32CubeIDE_1.15.1/STM32CubeIDE/plugins/com.st.stm32cube.ide.mcu.externaltools.gnu-tools-for-stm32.12.3.rel1.win32_1.0.100.202403111256/tools/bin/../lib/gcc/arm-none-eabi/12.3.1/thumb/v7e-m+fp/hard\libgcc.a(_fixunsdfdi.o)
                0x080116e8                __fixunsdfdi
                0x080116e8                __aeabi_d2ulz
 .text          0x08011724      0x2bc C:/ST/STM32CubeIDE_1.15.1/STM32CubeIDE/plugins/com.st.stm32cube.ide.mcu.externaltools.gnu-tools-for-stm32.12.3.rel1.win32_1.0.100.202403111256/tools/bin/../lib/gcc/arm-none-eabi/12.3.1/thumb/v7e-m+fp/hard\libgcc.a(_udivmoddi4.o)
                0x08011724                __udivmoddi4
 .text          0x080119e0        0x4 C:/ST/STM32CubeIDE_1.15.1/STM32CubeIDE/plugins/com.st.stm32cube.ide.mcu.externaltools.gnu-tools-for-stm32.12.3.rel1.win32_1.0.100.202403111256/tools/bin/../lib/gcc/arm-none-eabi/12.3.1/thumb/v7e-m+fp/hard\libgcc.a(_dvmd_tls.o)
                0x080119e0                __aeabi_idiv0
                0x080119e0                __aeabi_ldiv0
 *(.text*)
 .text.Reset_Handler
                0x080119e4       0x50 ./Core/Startup/startup_stm32f446retx.o
                0x080119e4                Reset_Handler
 .text.Default_Handler
                0x08011a34        0x2 ./Core/Startup/startup_stm32f446retx.o
                0x08011a34                RTC_Alarm_IRQHandler
                0x08011a34                EXTI2_IRQHandler
                0x08011a34                TIM8_CC_IRQHandler
                0x08011a34                FMPI2C1_EV_IRQHandler
                0x08011a34                SPI4_IRQHandler
                0x08011a34                TIM1_CC_IRQHandler
                0x08011a34                DMA2_Stream5_IRQHandler
                0x08011a34                DMA1_Stream5_IRQHandler
                0x08011a34                PVD_IRQHandler
                0x08011a34                SDIO_IRQHandler
                0x08011a34                TAMP_STAMP_IRQHandler
                0x08011a34                CAN2_RX1_IRQHandler
                0x08011a34                EXTI3_IRQHandler
                0x08011a34                TIM8_TRG_COM_TIM14_IRQHandler
                0x08011a34                TIM8_UP_TIM13_IRQHandler
                0x08011a34                I2C3_ER_IRQHandler
                0x08011a34                EXTI0_IRQHandler
                0x08011a34                I2C2_EV_IRQHandler
                0x08011a34                DMA1_Stream2_IRQHandler
                0x08011a34                CAN1_RX0_IRQHandler
                0x08011a34                FPU_IRQHandler
                0x08011a34                OTG_HS_WKUP_IRQHandler
                0x08011a34                CAN2_SCE_IRQHandler
                0x08011a34                DMA2_Stream2_IRQHandler
                0x08011a34                SPI1_IRQHandler
                0x08011a34                TIM6_DAC_IRQHandler
                0x08011a34                TIM1_BRK_TIM9_IRQHandler
                0x08011a34                DCMI_IRQHandler
                0x08011a34                CAN2_RX0_IRQHandler
                0x08011a34                DMA2_Stream3_IRQHandler
                0x08011a34                SAI2_IRQHandler
                0x08011a34                USART6_IRQHandler
                0x08011a34                USART3_IRQHandler
                0x08011a34                CAN1_RX1_IRQHandler
                0x08011a34                UART5_IRQHandler
                0x08011a34                DMA2_Stream0_IRQHandler
                0x08011a34                TIM4_IRQHandler
                0x08011a34                QUADSPI_IRQHandler
                0x08011a34                I2C1_EV_IRQHandler
                0x08011a34                DMA1_Stream6_IRQHandler
                0x08011a34                DMA1_Stream1_IRQHandler
                0x08011a34                UART4_IRQHandler
                0x08011a34                TIM3_IRQHandler
                0x08011a34                RCC_IRQHandler
                0x08011a34                TIM8_BRK_TIM12_IRQHandler
                0x08011a34                Default_Handler
                0x08011a34                CEC_IRQHandler
                0x08011a34                EXTI15_10_IRQHandler
                0x08011a34                ADC_IRQHandler
                0x08011a34                DMA1_Stream7_IRQHandler
                0x08011a34                TIM7_IRQHandler
                0x08011a34                CAN2_TX_IRQHandler
                0x08011a34                TIM5_IRQHandler
                0x08011a34                DMA2_Stream7_IRQHandler
                0x08011a34                I2C3_EV_IRQHandler
                0x08011a34                EXTI9_5_IRQHandler
                0x08011a34                RTC_WKUP_IRQHandler
                0x08011a34                SPDIF_RX_IRQHandler
                0x08011a34                SPI2_IRQHandler
                0x08011a34                OTG_HS_EP1_IN_IRQHandler
                0x08011a34                DMA1_Stream0_IRQHandler
                0x08011a34                CAN1_TX_IRQHandler
                0x08011a34                FMPI2C1_ER_IRQHandler
                0x08011a34                EXTI4_IRQHandler
                0x08011a34                OTG_HS_EP1_OUT_IRQHandler
                0x08011a34                WWDG_IRQHandler
                0x08011a34                TIM2_IRQHandler
                0x08011a34                OTG_FS_WKUP_IRQHandler
                0x08011a34                TIM1_TRG_COM_TIM11_IRQHandler
                0x08011a34                OTG_HS_IRQHandler
                0x08011a34                EXTI1_IRQHandler
                0x08011a34                I2C2_ER_IRQHandler
                0x08011a34                DMA2_Stream1_IRQHandler
                0x08011a34                CAN1_SCE_IRQHandler
                0x08011a34                FLASH_IRQHandler
                0x08011a34                DMA2_Stream4_IRQHandler
                0x08011a34                USART1_IRQHandler
                0x08011a34                OTG_FS_IRQHandler
                0x08011a34                SPI3_IRQHandler
                0x08011a34                DMA1_Stream4_IRQHandler
                0x08011a34                I2C1_ER_IRQHandler
                0x08011a34                FMC_IRQHandler
                0x08011a34                DMA2_Stream6_IRQHandler
                0x08011a34                SAI1_IRQHandler
                0x08011a34                DMA1_Stream3_IRQHandler
 .text.__cvt    0x08011a36       0xca C:/ST/STM32CubeIDE_1.15.1/STM32CubeIDE/plugins/com.st.stm32cube.ide.mcu.externaltools.gnu-tools-for-stm32.12.3.rel1.win32_1.0.100.202403111256/tools/bin/../lib/gcc/arm-none-eabi/12.3.1/../../../../arm-none-eabi/lib/thumb/v7e-m+fp/hard\libc_nano.a(libc_a-nano-vfprintf_float.o)
                0x08011a36                __cvt
 .text.__exponent
                0x08011b00       0x74 C:/ST/STM32CubeIDE_1.15.1/STM32CubeIDE/plugins/com.st.stm32cube.ide.mcu.externaltools.gnu-tools-for-stm32.12.3.rel1.win32_1.0.100.202403111256/tools/bin/../lib/gcc/arm-none-eabi/12.3.1/../../../../arm-none-eabi/lib/thumb/v7e-m+fp/hard\libc_nano.a(libc_a-nano-vfprintf_float.o)
                0x08011b00                __exponent
 .text._printf_float
                0x08011b74      0x454 C:/ST/STM32CubeIDE_1.15.1/STM32CubeIDE/plugins/com.st.stm32cube.ide.mcu.externaltools.gnu-tools-for-stm32.12.3.rel1.win32_1.0.100.202403111256/tools/bin/../lib/gcc/arm-none-eabi/12.3.1/../../../../arm-none-eabi/lib/thumb/v7e-m+fp/hard\libc_nano.a(libc_a-nano-vfprintf_float.o)
                0x08011b74                _printf_float
 .text._printf_common
                0x08011fc8       0xda C:/ST/STM32CubeIDE_1.15.1/STM32CubeIDE/plugins/com.st.stm32cube.ide.mcu.externaltools.gnu-tools-for-stm32.12.3.rel1.win32_1.0.100.202403111256/tools/bin/../lib/gcc/arm-none-eabi/12.3.1/../../../../arm-none-eabi/lib/thumb/v7e-m+fp/hard\libc_nano.a(libc_a-nano-vfprintf_i.o)
                0x08011fc8                _printf_common
 *fill*         0x080120a2        0x2 
 .text._printf_i
                0x080120a4      0x240 C:/ST/STM32CubeIDE_1.15.1/STM32CubeIDE/plugins/com.st.stm32cube.ide.mcu.externaltools.gnu-tools-for-stm32.12.3.rel1.win32_1.0.100.202403111256/tools/bin/../lib/gcc/arm-none-eabi/12.3.1/../../../../arm-none-eabi/lib/thumb/v7e-m+fp/hard\libc_nano.a(libc_a-nano-vfprintf_i.o)
                0x080120a4                _printf_i
 .text._scanf_float
                0x080122e4      0x428 C:/ST/STM32CubeIDE_1.15.1/STM32CubeIDE/plugins/com.st.stm32cube.ide.mcu.externaltools.gnu-tools-for-stm32.12.3.rel1.win32_1.0.100.202403111256/tools/bin/../lib/gcc/arm-none-eabi/12.3.1/../../../../arm-none-eabi/lib/thumb/v7e-m+fp/hard\libc_nano.a(libc_a-nano-vfscanf_float.o)
                0x080122e4                _scanf_float
 .text.std      0x0801270c       0x6c C:/ST/STM32CubeIDE_1.15.1/STM32CubeIDE/plugins/com.st.stm32cube.ide.mcu.externaltools.gnu-tools-for-stm32.12.3.rel1.win32_1.0.100.202403111256/tools/bin/../lib/gcc/arm-none-eabi/12.3.1/../../../../arm-none-eabi/lib/thumb/v7e-m+fp/hard\libc_nano.a(libc_a-findfp.o)
 .text.stdio_exit_handler
                0x08012778       0x18 C:/ST/STM32CubeIDE_1.15.1/STM32CubeIDE/plugins/com.st.stm32cube.ide.mcu.externaltools.gnu-tools-for-stm32.12.3.rel1.win32_1.0.100.202403111256/tools/bin/../lib/gcc/arm-none-eabi/12.3.1/../../../../arm-none-eabi/lib/thumb/v7e-m+fp/hard\libc_nano.a(libc_a-findfp.o)
 .text.cleanup_stdio
                0x08012790       0x40 C:/ST/STM32CubeIDE_1.15.1/STM32CubeIDE/plugins/com.st.stm32cube.ide.mcu.externaltools.gnu-tools-for-stm32.12.3.rel1.win32_1.0.100.202403111256/tools/bin/../lib/gcc/arm-none-eabi/12.3.1/../../../../arm-none-eabi/lib/thumb/v7e-m+fp/hard\libc_nano.a(libc_a-findfp.o)
 .text.global_stdio_init.part.0
                0x080127d0       0x3c C:/ST/STM32CubeIDE_1.15.1/STM32CubeIDE/plugins/com.st.stm32cube.ide.mcu.externaltools.gnu-tools-for-stm32.12.3.rel1.win32_1.0.100.202403111256/tools/bin/../lib/gcc/arm-none-eabi/12.3.1/../../../../arm-none-eabi/lib/thumb/v7e-m+fp/hard\libc_nano.a(libc_a-findfp.o)
 .text.__sfp_lock_acquire
                0x0801280c        0xc C:/ST/STM32CubeIDE_1.15.1/STM32CubeIDE/plugins/com.st.stm32cube.ide.mcu.externaltools.gnu-tools-for-stm32.12.3.rel1.win32_1.0.100.202403111256/tools/bin/../lib/gcc/arm-none-eabi/12.3.1/../../../../arm-none-eabi/lib/thumb/v7e-m+fp/hard\libc_nano.a(libc_a-findfp.o)
                0x0801280c                __sfp_lock_acquire
 .text.__sfp_lock_release
                0x08012818        0xc C:/ST/STM32CubeIDE_1.15.1/STM32CubeIDE/plugins/com.st.stm32cube.ide.mcu.externaltools.gnu-tools-for-stm32.12.3.rel1.win32_1.0.100.202403111256/tools/bin/../lib/gcc/arm-none-eabi/12.3.1/../../../../arm-none-eabi/lib/thumb/v7e-m+fp/hard\libc_nano.a(libc_a-findfp.o)
                0x08012818                __sfp_lock_release
 .text.__sinit  0x08012824       0x30 C:/ST/STM32CubeIDE_1.15.1/STM32CubeIDE/plugins/com.st.stm32cube.ide.mcu.externaltools.gnu-tools-for-stm32.12.3.rel1.win32_1.0.100.202403111256/tools/bin/../lib/gcc/arm-none-eabi/12.3.1/../../../../arm-none-eabi/lib/thumb/v7e-m+fp/hard\libc_nano.a(libc_a-findfp.o)
                0x08012824                __sinit
 .text._fwalk_sglue
                0x08012854       0x3c C:/ST/STM32CubeIDE_1.15.1/STM32CubeIDE/plugins/com.st.stm32cube.ide.mcu.externaltools.gnu-tools-for-stm32.12.3.rel1.win32_1.0.100.202403111256/tools/bin/../lib/gcc/arm-none-eabi/12.3.1/../../../../arm-none-eabi/lib/thumb/v7e-m+fp/hard\libc_nano.a(libc_a-fwalk.o)
                0x08012854                _fwalk_sglue
 .text.sprintf  0x08012890       0x40 C:/ST/STM32CubeIDE_1.15.1/STM32CubeIDE/plugins/com.st.stm32cube.ide.mcu.externaltools.gnu-tools-for-stm32.12.3.rel1.win32_1.0.100.202403111256/tools/bin/../lib/gcc/arm-none-eabi/12.3.1/../../../../arm-none-eabi/lib/thumb/v7e-m+fp/hard\libc_nano.a(libc_a-sprintf.o)
                0x08012890                siprintf
                0x08012890                sprintf
 .text.__sread  0x080128d0       0x22 C:/ST/STM32CubeIDE_1.15.1/STM32CubeIDE/plugins/com.st.stm32cube.ide.mcu.externaltools.gnu-tools-for-stm32.12.3.rel1.win32_1.0.100.202403111256/tools/bin/../lib/gcc/arm-none-eabi/12.3.1/../../../../arm-none-eabi/lib/thumb/v7e-m+fp/hard\libc_nano.a(libc_a-stdio.o)
                0x080128d0                __sread
 .text.__swrite
                0x080128f2       0x38 C:/ST/STM32CubeIDE_1.15.1/STM32CubeIDE/plugins/com.st.stm32cube.ide.mcu.externaltools.gnu-tools-for-stm32.12.3.rel1.win32_1.0.100.202403111256/tools/bin/../lib/gcc/arm-none-eabi/12.3.1/../../../../arm-none-eabi/lib/thumb/v7e-m+fp/hard\libc_nano.a(libc_a-stdio.o)
                0x080128f2                __swrite
 .text.__sseek  0x0801292a       0x24 C:/ST/STM32CubeIDE_1.15.1/STM32CubeIDE/plugins/com.st.stm32cube.ide.mcu.externaltools.gnu-tools-for-stm32.12.3.rel1.win32_1.0.100.202403111256/tools/bin/../lib/gcc/arm-none-eabi/12.3.1/../../../../arm-none-eabi/lib/thumb/v7e-m+fp/hard\libc_nano.a(libc_a-stdio.o)
                0x0801292a                __sseek
 .text.__sclose
                0x0801294e        0x8 C:/ST/STM32CubeIDE_1.15.1/STM32CubeIDE/plugins/com.st.stm32cube.ide.mcu.externaltools.gnu-tools-for-stm32.12.3.rel1.win32_1.0.100.202403111256/tools/bin/../lib/gcc/arm-none-eabi/12.3.1/../../../../arm-none-eabi/lib/thumb/v7e-m+fp/hard\libc_nano.a(libc_a-stdio.o)
                0x0801294e                __sclose
 .text.memset   0x08012956       0x10 C:/ST/STM32CubeIDE_1.15.1/STM32CubeIDE/plugins/com.st.stm32cube.ide.mcu.externaltools.gnu-tools-for-stm32.12.3.rel1.win32_1.0.100.202403111256/tools/bin/../lib/gcc/arm-none-eabi/12.3.1/../../../../arm-none-eabi/lib/thumb/v7e-m+fp/hard\libc_nano.a(libc_a-memset.o)
                0x08012956                memset
 *fill*         0x08012966        0x2 
 .text._localeconv_r
                0x08012968        0x8 C:/ST/STM32CubeIDE_1.15.1/STM32CubeIDE/plugins/com.st.stm32cube.ide.mcu.externaltools.gnu-tools-for-stm32.12.3.rel1.win32_1.0.100.202403111256/tools/bin/../lib/gcc/arm-none-eabi/12.3.1/../../../../arm-none-eabi/lib/thumb/v7e-m+fp/hard\libc_nano.a(libc_a-localeconv.o)
                0x08012968                _localeconv_r
 .text._close_r
                0x08012970       0x20 C:/ST/STM32CubeIDE_1.15.1/STM32CubeIDE/plugins/com.st.stm32cube.ide.mcu.externaltools.gnu-tools-for-stm32.12.3.rel1.win32_1.0.100.202403111256/tools/bin/../lib/gcc/arm-none-eabi/12.3.1/../../../../arm-none-eabi/lib/thumb/v7e-m+fp/hard\libc_nano.a(libc_a-closer.o)
                0x08012970                _close_r
 .text._lseek_r
                0x08012990       0x24 C:/ST/STM32CubeIDE_1.15.1/STM32CubeIDE/plugins/com.st.stm32cube.ide.mcu.externaltools.gnu-tools-for-stm32.12.3.rel1.win32_1.0.100.202403111256/tools/bin/../lib/gcc/arm-none-eabi/12.3.1/../../../../arm-none-eabi/lib/thumb/v7e-m+fp/hard\libc_nano.a(libc_a-lseekr.o)
                0x08012990                _lseek_r
 .text._read_r  0x080129b4       0x24 C:/ST/STM32CubeIDE_1.15.1/STM32CubeIDE/plugins/com.st.stm32cube.ide.mcu.externaltools.gnu-tools-for-stm32.12.3.rel1.win32_1.0.100.202403111256/tools/bin/../lib/gcc/arm-none-eabi/12.3.1/../../../../arm-none-eabi/lib/thumb/v7e-m+fp/hard\libc_nano.a(libc_a-readr.o)
                0x080129b4                _read_r
 .text._write_r
                0x080129d8       0x24 C:/ST/STM32CubeIDE_1.15.1/STM32CubeIDE/plugins/com.st.stm32cube.ide.mcu.externaltools.gnu-tools-for-stm32.12.3.rel1.win32_1.0.100.202403111256/tools/bin/../lib/gcc/arm-none-eabi/12.3.1/../../../../arm-none-eabi/lib/thumb/v7e-m+fp/hard\libc_nano.a(libc_a-writer.o)
                0x080129d8                _write_r
 .text.__errno  0x080129fc        0xc C:/ST/STM32CubeIDE_1.15.1/STM32CubeIDE/plugins/com.st.stm32cube.ide.mcu.externaltools.gnu-tools-for-stm32.12.3.rel1.win32_1.0.100.202403111256/tools/bin/../lib/gcc/arm-none-eabi/12.3.1/../../../../arm-none-eabi/lib/thumb/v7e-m+fp/hard\libc_nano.a(libc_a-errno.o)
                0x080129fc                __errno
 .text.__libc_init_array
                0x08012a08       0x48 C:/ST/STM32CubeIDE_1.15.1/STM32CubeIDE/plugins/com.st.stm32cube.ide.mcu.externaltools.gnu-tools-for-stm32.12.3.rel1.win32_1.0.100.202403111256/tools/bin/../lib/gcc/arm-none-eabi/12.3.1/../../../../arm-none-eabi/lib/thumb/v7e-m+fp/hard\libc_nano.a(libc_a-init.o)
                0x08012a08                __libc_init_array
 .text.__retarget_lock_init_recursive
                0x08012a50        0x2 C:/ST/STM32CubeIDE_1.15.1/STM32CubeIDE/plugins/com.st.stm32cube.ide.mcu.externaltools.gnu-tools-for-stm32.12.3.rel1.win32_1.0.100.202403111256/tools/bin/../lib/gcc/arm-none-eabi/12.3.1/../../../../arm-none-eabi/lib/thumb/v7e-m+fp/hard\libc_nano.a(libc_a-lock.o)
                0x08012a50                __retarget_lock_init_recursive
 .text.__retarget_lock_acquire_recursive
                0x08012a52        0x2 C:/ST/STM32CubeIDE_1.15.1/STM32CubeIDE/plugins/com.st.stm32cube.ide.mcu.externaltools.gnu-tools-for-stm32.12.3.rel1.win32_1.0.100.202403111256/tools/bin/../lib/gcc/arm-none-eabi/12.3.1/../../../../arm-none-eabi/lib/thumb/v7e-m+fp/hard\libc_nano.a(libc_a-lock.o)
                0x08012a52                __retarget_lock_acquire_recursive
 .text.__retarget_lock_release_recursive
                0x08012a54        0x2 C:/ST/STM32CubeIDE_1.15.1/STM32CubeIDE/plugins/com.st.stm32cube.ide.mcu.externaltools.gnu-tools-for-stm32.12.3.rel1.win32_1.0.100.202403111256/tools/bin/../lib/gcc/arm-none-eabi/12.3.1/../../../../arm-none-eabi/lib/thumb/v7e-m+fp/hard\libc_nano.a(libc_a-lock.o)
                0x08012a54                __retarget_lock_release_recursive
 *fill*         0x08012a56        0x2 
 .text.nanf     0x08012a58        0xc C:/ST/STM32CubeIDE_1.15.1/STM32CubeIDE/plugins/com.st.stm32cube.ide.mcu.externaltools.gnu-tools-for-stm32.12.3.rel1.win32_1.0.100.202403111256/tools/bin/../lib/gcc/arm-none-eabi/12.3.1/../../../../arm-none-eabi/lib/thumb/v7e-m+fp/hard\libc_nano.a(libm_a-sf_nan.o)
                0x08012a58                nanf
 .text.quorem   0x08012a64      0x110 C:/ST/STM32CubeIDE_1.15.1/STM32CubeIDE/plugins/com.st.stm32cube.ide.mcu.externaltools.gnu-tools-for-stm32.12.3.rel1.win32_1.0.100.202403111256/tools/bin/../lib/gcc/arm-none-eabi/12.3.1/../../../../arm-none-eabi/lib/thumb/v7e-m+fp/hard\libc_nano.a(libc_a-dtoa.o)
 *fill*         0x08012b74        0x4 
 .text._dtoa_r  0x08012b78      0xb88 C:/ST/STM32CubeIDE_1.15.1/STM32CubeIDE/plugins/com.st.stm32cube.ide.mcu.externaltools.gnu-tools-for-stm32.12.3.rel1.win32_1.0.100.202403111256/tools/bin/../lib/gcc/arm-none-eabi/12.3.1/../../../../arm-none-eabi/lib/thumb/v7e-m+fp/hard\libc_nano.a(libc_a-dtoa.o)
                0x08012b78                _dtoa_r
 .text._free_r  0x08013700       0x94 C:/ST/STM32CubeIDE_1.15.1/STM32CubeIDE/plugins/com.st.stm32cube.ide.mcu.externaltools.gnu-tools-for-stm32.12.3.rel1.win32_1.0.100.202403111256/tools/bin/../lib/gcc/arm-none-eabi/12.3.1/../../../../arm-none-eabi/lib/thumb/v7e-m+fp/hard\libc_nano.a(libc_a-freer.o)
                0x08013700                _free_r
 .text.malloc   0x08013794       0x10 C:/ST/STM32CubeIDE_1.15.1/STM32CubeIDE/plugins/com.st.stm32cube.ide.mcu.externaltools.gnu-tools-for-stm32.12.3.rel1.win32_1.0.100.202403111256/tools/bin/../lib/gcc/arm-none-eabi/12.3.1/../../../../arm-none-eabi/lib/thumb/v7e-m+fp/hard\libc_nano.a(libc_a-malloc.o)
                0x08013794                malloc
 .text.sbrk_aligned
                0x080137a4       0x44 C:/ST/STM32CubeIDE_1.15.1/STM32CubeIDE/plugins/com.st.stm32cube.ide.mcu.externaltools.gnu-tools-for-stm32.12.3.rel1.win32_1.0.100.202403111256/tools/bin/../lib/gcc/arm-none-eabi/12.3.1/../../../../arm-none-eabi/lib/thumb/v7e-m+fp/hard\libc_nano.a(libc_a-mallocr.o)
 .text._malloc_r
                0x080137e8      0x100 C:/ST/STM32CubeIDE_1.15.1/STM32CubeIDE/plugins/com.st.stm32cube.ide.mcu.externaltools.gnu-tools-for-stm32.12.3.rel1.win32_1.0.100.202403111256/tools/bin/../lib/gcc/arm-none-eabi/12.3.1/../../../../arm-none-eabi/lib/thumb/v7e-m+fp/hard\libc_nano.a(libc_a-mallocr.o)
                0x080137e8                _malloc_r
 .text.__malloc_lock
                0x080138e8        0xc C:/ST/STM32CubeIDE_1.15.1/STM32CubeIDE/plugins/com.st.stm32cube.ide.mcu.externaltools.gnu-tools-for-stm32.12.3.rel1.win32_1.0.100.202403111256/tools/bin/../lib/gcc/arm-none-eabi/12.3.1/../../../../arm-none-eabi/lib/thumb/v7e-m+fp/hard\libc_nano.a(libc_a-mlock.o)
                0x080138e8                __malloc_lock
 .text.__malloc_unlock
                0x080138f4        0xc C:/ST/STM32CubeIDE_1.15.1/STM32CubeIDE/plugins/com.st.stm32cube.ide.mcu.externaltools.gnu-tools-for-stm32.12.3.rel1.win32_1.0.100.202403111256/tools/bin/../lib/gcc/arm-none-eabi/12.3.1/../../../../arm-none-eabi/lib/thumb/v7e-m+fp/hard\libc_nano.a(libc_a-mlock.o)
                0x080138f4                __malloc_unlock
 .text._Balloc  0x08013900       0x80 C:/ST/STM32CubeIDE_1.15.1/STM32CubeIDE/plugins/com.st.stm32cube.ide.mcu.externaltools.gnu-tools-for-stm32.12.3.rel1.win32_1.0.100.202403111256/tools/bin/../lib/gcc/arm-none-eabi/12.3.1/../../../../arm-none-eabi/lib/thumb/v7e-m+fp/hard\libc_nano.a(libc_a-mprec.o)
                0x08013900                _Balloc
 .text._Bfree   0x08013980       0x44 C:/ST/STM32CubeIDE_1.15.1/STM32CubeIDE/plugins/com.st.stm32cube.ide.mcu.externaltools.gnu-tools-for-stm32.12.3.rel1.win32_1.0.100.202403111256/tools/bin/../lib/gcc/arm-none-eabi/12.3.1/../../../../arm-none-eabi/lib/thumb/v7e-m+fp/hard\libc_nano.a(libc_a-mprec.o)
                0x08013980                _Bfree
 .text.__multadd
                0x080139c4       0x8c C:/ST/STM32CubeIDE_1.15.1/STM32CubeIDE/plugins/com.st.stm32cube.ide.mcu.externaltools.gnu-tools-for-stm32.12.3.rel1.win32_1.0.100.202403111256/tools/bin/../lib/gcc/arm-none-eabi/12.3.1/../../../../arm-none-eabi/lib/thumb/v7e-m+fp/hard\libc_nano.a(libc_a-mprec.o)
                0x080139c4                __multadd
 .text.__s2b    0x08013a50       0x94 C:/ST/STM32CubeIDE_1.15.1/STM32CubeIDE/plugins/com.st.stm32cube.ide.mcu.externaltools.gnu-tools-for-stm32.12.3.rel1.win32_1.0.100.202403111256/tools/bin/../lib/gcc/arm-none-eabi/12.3.1/../../../../arm-none-eabi/lib/thumb/v7e-m+fp/hard\libc_nano.a(libc_a-mprec.o)
                0x08013a50                __s2b
 .text.__hi0bits
                0x08013ae4       0x3e C:/ST/STM32CubeIDE_1.15.1/STM32CubeIDE/plugins/com.st.stm32cube.ide.mcu.externaltools.gnu-tools-for-stm32.12.3.rel1.win32_1.0.100.202403111256/tools/bin/../lib/gcc/arm-none-eabi/12.3.1/../../../../arm-none-eabi/lib/thumb/v7e-m+fp/hard\libc_nano.a(libc_a-mprec.o)
                0x08013ae4                __hi0bits
 .text.__lo0bits
                0x08013b22       0x5a C:/ST/STM32CubeIDE_1.15.1/STM32CubeIDE/plugins/com.st.stm32cube.ide.mcu.externaltools.gnu-tools-for-stm32.12.3.rel1.win32_1.0.100.202403111256/tools/bin/../lib/gcc/arm-none-eabi/12.3.1/../../../../arm-none-eabi/lib/thumb/v7e-m+fp/hard\libc_nano.a(libc_a-mprec.o)
                0x08013b22                __lo0bits
 .text.__i2b    0x08013b7c       0x2c C:/ST/STM32CubeIDE_1.15.1/STM32CubeIDE/plugins/com.st.stm32cube.ide.mcu.externaltools.gnu-tools-for-stm32.12.3.rel1.win32_1.0.100.202403111256/tools/bin/../lib/gcc/arm-none-eabi/12.3.1/../../../../arm-none-eabi/lib/thumb/v7e-m+fp/hard\libc_nano.a(libc_a-mprec.o)
                0x08013b7c                __i2b
 .text.__multiply
                0x08013ba8      0x154 C:/ST/STM32CubeIDE_1.15.1/STM32CubeIDE/plugins/com.st.stm32cube.ide.mcu.externaltools.gnu-tools-for-stm32.12.3.rel1.win32_1.0.100.202403111256/tools/bin/../lib/gcc/arm-none-eabi/12.3.1/../../../../arm-none-eabi/lib/thumb/v7e-m+fp/hard\libc_nano.a(libc_a-mprec.o)
                0x08013ba8                __multiply
 .text.__pow5mult
                0x08013cfc       0xb4 C:/ST/STM32CubeIDE_1.15.1/STM32CubeIDE/plugins/com.st.stm32cube.ide.mcu.externaltools.gnu-tools-for-stm32.12.3.rel1.win32_1.0.100.202403111256/tools/bin/../lib/gcc/arm-none-eabi/12.3.1/../../../../arm-none-eabi/lib/thumb/v7e-m+fp/hard\libc_nano.a(libc_a-mprec.o)
                0x08013cfc                __pow5mult
 .text.__lshift
                0x08013db0       0xd8 C:/ST/STM32CubeIDE_1.15.1/STM32CubeIDE/plugins/com.st.stm32cube.ide.mcu.externaltools.gnu-tools-for-stm32.12.3.rel1.win32_1.0.100.202403111256/tools/bin/../lib/gcc/arm-none-eabi/12.3.1/../../../../arm-none-eabi/lib/thumb/v7e-m+fp/hard\libc_nano.a(libc_a-mprec.o)
                0x08013db0                __lshift
 .text.__mcmp   0x08013e88       0x36 C:/ST/STM32CubeIDE_1.15.1/STM32CubeIDE/plugins/com.st.stm32cube.ide.mcu.externaltools.gnu-tools-for-stm32.12.3.rel1.win32_1.0.100.202403111256/tools/bin/../lib/gcc/arm-none-eabi/12.3.1/../../../../arm-none-eabi/lib/thumb/v7e-m+fp/hard\libc_nano.a(libc_a-mprec.o)
                0x08013e88                __mcmp
 *fill*         0x08013ebe        0x2 
 .text.__mdiff  0x08013ec0      0x128 C:/ST/STM32CubeIDE_1.15.1/STM32CubeIDE/plugins/com.st.stm32cube.ide.mcu.externaltools.gnu-tools-for-stm32.12.3.rel1.win32_1.0.100.202403111256/tools/bin/../lib/gcc/arm-none-eabi/12.3.1/../../../../arm-none-eabi/lib/thumb/v7e-m+fp/hard\libc_nano.a(libc_a-mprec.o)
                0x08013ec0                __mdiff
 .text.__ulp    0x08013fe8       0x4c C:/ST/STM32CubeIDE_1.15.1/STM32CubeIDE/plugins/com.st.stm32cube.ide.mcu.externaltools.gnu-tools-for-stm32.12.3.rel1.win32_1.0.100.202403111256/tools/bin/../lib/gcc/arm-none-eabi/12.3.1/../../../../arm-none-eabi/lib/thumb/v7e-m+fp/hard\libc_nano.a(libc_a-mprec.o)
                0x08013fe8                __ulp
 .text.__b2d    0x08014034       0x94 C:/ST/STM32CubeIDE_1.15.1/STM32CubeIDE/plugins/com.st.stm32cube.ide.mcu.externaltools.gnu-tools-for-stm32.12.3.rel1.win32_1.0.100.202403111256/tools/bin/../lib/gcc/arm-none-eabi/12.3.1/../../../../arm-none-eabi/lib/thumb/v7e-m+fp/hard\libc_nano.a(libc_a-mprec.o)
                0x08014034                __b2d
 .text.__d2b    0x080140c8       0xb0 C:/ST/STM32CubeIDE_1.15.1/STM32CubeIDE/plugins/com.st.stm32cube.ide.mcu.externaltools.gnu-tools-for-stm32.12.3.rel1.win32_1.0.100.202403111256/tools/bin/../lib/gcc/arm-none-eabi/12.3.1/../../../../arm-none-eabi/lib/thumb/v7e-m+fp/hard\libc_nano.a(libc_a-mprec.o)
                0x080140c8                __d2b
 .text.__ratio  0x08014178       0x64 C:/ST/STM32CubeIDE_1.15.1/STM32CubeIDE/plugins/com.st.stm32cube.ide.mcu.externaltools.gnu-tools-for-stm32.12.3.rel1.win32_1.0.100.202403111256/tools/bin/../lib/gcc/arm-none-eabi/12.3.1/../../../../arm-none-eabi/lib/thumb/v7e-m+fp/hard\libc_nano.a(libc_a-mprec.o)
                0x08014178                __ratio
 .text.__copybits
                0x080141dc       0x46 C:/ST/STM32CubeIDE_1.15.1/STM32CubeIDE/plugins/com.st.stm32cube.ide.mcu.externaltools.gnu-tools-for-stm32.12.3.rel1.win32_1.0.100.202403111256/tools/bin/../lib/gcc/arm-none-eabi/12.3.1/../../../../arm-none-eabi/lib/thumb/v7e-m+fp/hard\libc_nano.a(libc_a-mprec.o)
                0x080141dc                __copybits
 .text.__any_on
                0x08014222       0x42 C:/ST/STM32CubeIDE_1.15.1/STM32CubeIDE/plugins/com.st.stm32cube.ide.mcu.externaltools.gnu-tools-for-stm32.12.3.rel1.win32_1.0.100.202403111256/tools/bin/../lib/gcc/arm-none-eabi/12.3.1/../../../../arm-none-eabi/lib/thumb/v7e-m+fp/hard\libc_nano.a(libc_a-mprec.o)
                0x08014222                __any_on
 .text.sulp     0x08014264       0x3c C:/ST/STM32CubeIDE_1.15.1/STM32CubeIDE/plugins/com.st.stm32cube.ide.mcu.externaltools.gnu-tools-for-stm32.12.3.rel1.win32_1.0.100.202403111256/tools/bin/../lib/gcc/arm-none-eabi/12.3.1/../../../../arm-none-eabi/lib/thumb/v7e-m+fp/hard\libc_nano.a(libc_a-strtod.o)
 .text._strtod_l
                0x080142a0      0xbc8 C:/ST/STM32CubeIDE_1.15.1/STM32CubeIDE/plugins/com.st.stm32cube.ide.mcu.externaltools.gnu-tools-for-stm32.12.3.rel1.win32_1.0.100.202403111256/tools/bin/../lib/gcc/arm-none-eabi/12.3.1/../../../../arm-none-eabi/lib/thumb/v7e-m+fp/hard\libc_nano.a(libc_a-strtod.o)
                0x080142a0                _strtod_l
 .text._strtod_r
                0x08014e68        0xc C:/ST/STM32CubeIDE_1.15.1/STM32CubeIDE/plugins/com.st.stm32cube.ide.mcu.externaltools.gnu-tools-for-stm32.12.3.rel1.win32_1.0.100.202403111256/tools/bin/../lib/gcc/arm-none-eabi/12.3.1/../../../../arm-none-eabi/lib/thumb/v7e-m+fp/hard\libc_nano.a(libc_a-strtod.o)
                0x08014e68                _strtod_r
 .text._strtol_l.constprop.0
                0x08014e74       0xf4 C:/ST/STM32CubeIDE_1.15.1/STM32CubeIDE/plugins/com.st.stm32cube.ide.mcu.externaltools.gnu-tools-for-stm32.12.3.rel1.win32_1.0.100.202403111256/tools/bin/../lib/gcc/arm-none-eabi/12.3.1/../../../../arm-none-eabi/lib/thumb/v7e-m+fp/hard\libc_nano.a(libc_a-strtol.o)
 .text._strtol_r
                0x08014f68        0x4 C:/ST/STM32CubeIDE_1.15.1/STM32CubeIDE/plugins/com.st.stm32cube.ide.mcu.externaltools.gnu-tools-for-stm32.12.3.rel1.win32_1.0.100.202403111256/tools/bin/../lib/gcc/arm-none-eabi/12.3.1/../../../../arm-none-eabi/lib/thumb/v7e-m+fp/hard\libc_nano.a(libc_a-strtol.o)
                0x08014f68                _strtol_r
 .text.__ssputs_r
                0x08014f6c       0xb6 C:/ST/STM32CubeIDE_1.15.1/STM32CubeIDE/plugins/com.st.stm32cube.ide.mcu.externaltools.gnu-tools-for-stm32.12.3.rel1.win32_1.0.100.202403111256/tools/bin/../lib/gcc/arm-none-eabi/12.3.1/../../../../arm-none-eabi/lib/thumb/v7e-m+fp/hard\libc_nano.a(libc_a-nano-svfprintf.o)
                0x08014f6c                __ssputs_r
 *fill*         0x08015022        0x2 
 .text._svfprintf_r
                0x08015024      0x1f8 C:/ST/STM32CubeIDE_1.15.1/STM32CubeIDE/plugins/com.st.stm32cube.ide.mcu.externaltools.gnu-tools-for-stm32.12.3.rel1.win32_1.0.100.202403111256/tools/bin/../lib/gcc/arm-none-eabi/12.3.1/../../../../arm-none-eabi/lib/thumb/v7e-m+fp/hard\libc_nano.a(libc_a-nano-svfprintf.o)
                0x08015024                _svfiprintf_r
                0x08015024                _svfprintf_r
 .text.__sflush_r
                0x0801521c      0x108 C:/ST/STM32CubeIDE_1.15.1/STM32CubeIDE/plugins/com.st.stm32cube.ide.mcu.externaltools.gnu-tools-for-stm32.12.3.rel1.win32_1.0.100.202403111256/tools/bin/../lib/gcc/arm-none-eabi/12.3.1/../../../../arm-none-eabi/lib/thumb/v7e-m+fp/hard\libc_nano.a(libc_a-fflush.o)
                0x0801521c                __sflush_r
 .text._fflush_r
                0x08015324       0x50 C:/ST/STM32CubeIDE_1.15.1/STM32CubeIDE/plugins/com.st.stm32cube.ide.mcu.externaltools.gnu-tools-for-stm32.12.3.rel1.win32_1.0.100.202403111256/tools/bin/../lib/gcc/arm-none-eabi/12.3.1/../../../../arm-none-eabi/lib/thumb/v7e-m+fp/hard\libc_nano.a(libc_a-fflush.o)
                0x08015324                _fflush_r
 .text.memmove  0x08015374       0x34 C:/ST/STM32CubeIDE_1.15.1/STM32CubeIDE/plugins/com.st.stm32cube.ide.mcu.externaltools.gnu-tools-for-stm32.12.3.rel1.win32_1.0.100.202403111256/tools/bin/../lib/gcc/arm-none-eabi/12.3.1/../../../../arm-none-eabi/lib/thumb/v7e-m+fp/hard\libc_nano.a(libc_a-memmove.o)
                0x08015374                memmove
 .text.strncmp  0x080153a8       0x24 C:/ST/STM32CubeIDE_1.15.1/STM32CubeIDE/plugins/com.st.stm32cube.ide.mcu.externaltools.gnu-tools-for-stm32.12.3.rel1.win32_1.0.100.202403111256/tools/bin/../lib/gcc/arm-none-eabi/12.3.1/../../../../arm-none-eabi/lib/thumb/v7e-m+fp/hard\libc_nano.a(libc_a-strncmp.o)
                0x080153a8                strncmp
 .text._sbrk_r  0x080153cc       0x20 C:/ST/STM32CubeIDE_1.15.1/STM32CubeIDE/plugins/com.st.stm32cube.ide.mcu.externaltools.gnu-tools-for-stm32.12.3.rel1.win32_1.0.100.202403111256/tools/bin/../lib/gcc/arm-none-eabi/12.3.1/../../../../arm-none-eabi/lib/thumb/v7e-m+fp/hard\libc_nano.a(libc_a-sbrkr.o)
                0x080153cc                _sbrk_r
 .text.memcpy   0x080153ec       0x1c C:/ST/STM32CubeIDE_1.15.1/STM32CubeIDE/plugins/com.st.stm32cube.ide.mcu.externaltools.gnu-tools-for-stm32.12.3.rel1.win32_1.0.100.202403111256/tools/bin/../lib/gcc/arm-none-eabi/12.3.1/../../../../arm-none-eabi/lib/thumb/v7e-m+fp/hard\libc_nano.a(libc_a-memcpy-stub.o)
                0x080153ec                memcpy
 .text.nan      0x08015408       0x10 C:/ST/STM32CubeIDE_1.15.1/STM32CubeIDE/plugins/com.st.stm32cube.ide.mcu.externaltools.gnu-tools-for-stm32.12.3.rel1.win32_1.0.100.202403111256/tools/bin/../lib/gcc/arm-none-eabi/12.3.1/../../../../arm-none-eabi/lib/thumb/v7e-m+fp/hard\libc_nano.a(libm_a-s_nan.o)
                0x08015408                nan
 .text.__assert_func
                0x08015418       0x3c C:/ST/STM32CubeIDE_1.15.1/STM32CubeIDE/plugins/com.st.stm32cube.ide.mcu.externaltools.gnu-tools-for-stm32.12.3.rel1.win32_1.0.100.202403111256/tools/bin/../lib/gcc/arm-none-eabi/12.3.1/../../../../arm-none-eabi/lib/thumb/v7e-m+fp/hard\libc_nano.a(libc_a-assert.o)
                0x08015418                __assert_func
 .text._calloc_r
                0x08015454       0x28 C:/ST/STM32CubeIDE_1.15.1/STM32CubeIDE/plugins/com.st.stm32cube.ide.mcu.externaltools.gnu-tools-for-stm32.12.3.rel1.win32_1.0.100.202403111256/tools/bin/../lib/gcc/arm-none-eabi/12.3.1/../../../../arm-none-eabi/lib/thumb/v7e-m+fp/hard\libc_nano.a(libc_a-callocr.o)
                0x08015454                _calloc_r
 .text.rshift   0x0801547c       0xa4 C:/ST/STM32CubeIDE_1.15.1/STM32CubeIDE/plugins/com.st.stm32cube.ide.mcu.externaltools.gnu-tools-for-stm32.12.3.rel1.win32_1.0.100.202403111256/tools/bin/../lib/gcc/arm-none-eabi/12.3.1/../../../../arm-none-eabi/lib/thumb/v7e-m+fp/hard\libc_nano.a(libc_a-gdtoa-gethex.o)
 .text.__hexdig_fun
                0x08015520       0x2a C:/ST/STM32CubeIDE_1.15.1/STM32CubeIDE/plugins/com.st.stm32cube.ide.mcu.externaltools.gnu-tools-for-stm32.12.3.rel1.win32_1.0.100.202403111256/tools/bin/../lib/gcc/arm-none-eabi/12.3.1/../../../../arm-none-eabi/lib/thumb/v7e-m+fp/hard\libc_nano.a(libc_a-gdtoa-gethex.o)
                0x08015520                __hexdig_fun
 *fill*         0x0801554a        0x2 
 .text.__gethex
                0x0801554c      0x420 C:/ST/STM32CubeIDE_1.15.1/STM32CubeIDE/plugins/com.st.stm32cube.ide.mcu.externaltools.gnu-tools-for-stm32.12.3.rel1.win32_1.0.100.202403111256/tools/bin/../lib/gcc/arm-none-eabi/12.3.1/../../../../arm-none-eabi/lib/thumb/v7e-m+fp/hard\libc_nano.a(libc_a-gdtoa-gethex.o)
                0x0801554c                __gethex
 .text.L_shift  0x0801596c       0x24 C:/ST/STM32CubeIDE_1.15.1/STM32CubeIDE/plugins/com.st.stm32cube.ide.mcu.externaltools.gnu-tools-for-stm32.12.3.rel1.win32_1.0.100.202403111256/tools/bin/../lib/gcc/arm-none-eabi/12.3.1/../../../../arm-none-eabi/lib/thumb/v7e-m+fp/hard\libc_nano.a(libc_a-gdtoa-hexnan.o)
 .text.__match  0x08015990       0x28 C:/ST/STM32CubeIDE_1.15.1/STM32CubeIDE/plugins/com.st.stm32cube.ide.mcu.externaltools.gnu-tools-for-stm32.12.3.rel1.win32_1.0.100.202403111256/tools/bin/../lib/gcc/arm-none-eabi/12.3.1/../../../../arm-none-eabi/lib/thumb/v7e-m+fp/hard\libc_nano.a(libc_a-gdtoa-hexnan.o)
                0x08015990                __match
 .text.__hexnan
                0x080159b8      0x136 C:/ST/STM32CubeIDE_1.15.1/STM32CubeIDE/plugins/com.st.stm32cube.ide.mcu.externaltools.gnu-tools-for-stm32.12.3.rel1.win32_1.0.100.202403111256/tools/bin/../lib/gcc/arm-none-eabi/12.3.1/../../../../arm-none-eabi/lib/thumb/v7e-m+fp/hard\libc_nano.a(libc_a-gdtoa-hexnan.o)
                0x080159b8                __hexnan
 .text.__ascii_mbtowc
                0x08015aee       0x24 C:/ST/STM32CubeIDE_1.15.1/STM32CubeIDE/plugins/com.st.stm32cube.ide.mcu.externaltools.gnu-tools-for-stm32.12.3.rel1.win32_1.0.100.202403111256/tools/bin/../lib/gcc/arm-none-eabi/12.3.1/../../../../arm-none-eabi/lib/thumb/v7e-m+fp/hard\libc_nano.a(libc_a-mbtowc_r.o)
                0x08015aee                __ascii_mbtowc
 .text._realloc_r
                0x08015b12       0x5c C:/ST/STM32CubeIDE_1.15.1/STM32CubeIDE/plugins/com.st.stm32cube.ide.mcu.externaltools.gnu-tools-for-stm32.12.3.rel1.win32_1.0.100.202403111256/tools/bin/../lib/gcc/arm-none-eabi/12.3.1/../../../../arm-none-eabi/lib/thumb/v7e-m+fp/hard\libc_nano.a(libc_a-reallocr.o)
                0x08015b12                _realloc_r
 .text.__ascii_wctomb
                0x08015b6e       0x1a C:/ST/STM32CubeIDE_1.15.1/STM32CubeIDE/plugins/com.st.stm32cube.ide.mcu.externaltools.gnu-tools-for-stm32.12.3.rel1.win32_1.0.100.202403111256/tools/bin/../lib/gcc/arm-none-eabi/12.3.1/../../../../arm-none-eabi/lib/thumb/v7e-m+fp/hard\libc_nano.a(libc_a-wctomb_r.o)
                0x08015b6e                __ascii_wctomb
 .text.fprintf  0x08015b88       0x24 C:/ST/STM32CubeIDE_1.15.1/STM32CubeIDE/plugins/com.st.stm32cube.ide.mcu.externaltools.gnu-tools-for-stm32.12.3.rel1.win32_1.0.100.202403111256/tools/bin/../lib/gcc/arm-none-eabi/12.3.1/../../../../arm-none-eabi/lib/thumb/v7e-m+fp/hard\libc_nano.a(libc_a-fprintf.o)
                0x08015b88                fiprintf
                0x08015b88                fprintf
 .text.abort    0x08015bac        0xe C:/ST/STM32CubeIDE_1.15.1/STM32CubeIDE/plugins/com.st.stm32cube.ide.mcu.externaltools.gnu-tools-for-stm32.12.3.rel1.win32_1.0.100.202403111256/tools/bin/../lib/gcc/arm-none-eabi/12.3.1/../../../../arm-none-eabi/lib/thumb/v7e-m+fp/hard\libc_nano.a(libc_a-abort.o)
                0x08015bac                abort
 .text._malloc_usable_size_r
                0x08015bba       0x10 C:/ST/STM32CubeIDE_1.15.1/STM32CubeIDE/plugins/com.st.stm32cube.ide.mcu.externaltools.gnu-tools-for-stm32.12.3.rel1.win32_1.0.100.202403111256/tools/bin/../lib/gcc/arm-none-eabi/12.3.1/../../../../arm-none-eabi/lib/thumb/v7e-m+fp/hard\libc_nano.a(libc_a-msizer.o)
                0x08015bba                _malloc_usable_size_r
 .text.__sfputc_r
                0x08015bca       0x2e C:/ST/STM32CubeIDE_1.15.1/STM32CubeIDE/plugins/com.st.stm32cube.ide.mcu.externaltools.gnu-tools-for-stm32.12.3.rel1.win32_1.0.100.202403111256/tools/bin/../lib/gcc/arm-none-eabi/12.3.1/../../../../arm-none-eabi/lib/thumb/v7e-m+fp/hard\libc_nano.a(libc_a-nano-vfprintf.o)
 .text.__sfputs_r
                0x08015bf8       0x24 C:/ST/STM32CubeIDE_1.15.1/STM32CubeIDE/plugins/com.st.stm32cube.ide.mcu.externaltools.gnu-tools-for-stm32.12.3.rel1.win32_1.0.100.202403111256/tools/bin/../lib/gcc/arm-none-eabi/12.3.1/../../../../arm-none-eabi/lib/thumb/v7e-m+fp/hard\libc_nano.a(libc_a-nano-vfprintf.o)
                0x08015bf8                __sfputs_r
 .text._vfprintf_r
                0x08015c1c      0x230 C:/ST/STM32CubeIDE_1.15.1/STM32CubeIDE/plugins/com.st.stm32cube.ide.mcu.externaltools.gnu-tools-for-stm32.12.3.rel1.win32_1.0.100.202403111256/tools/bin/../lib/gcc/arm-none-eabi/12.3.1/../../../../arm-none-eabi/lib/thumb/v7e-m+fp/hard\libc_nano.a(libc_a-nano-vfprintf.o)
                0x08015c1c                _vfprintf_r
                0x08015c1c                _vfiprintf_r
 .text.__swbuf_r
                0x08015e4c       0x7c C:/ST/STM32CubeIDE_1.15.1/STM32CubeIDE/plugins/com.st.stm32cube.ide.mcu.externaltools.gnu-tools-for-stm32.12.3.rel1.win32_1.0.100.202403111256/tools/bin/../lib/gcc/arm-none-eabi/12.3.1/../../../../arm-none-eabi/lib/thumb/v7e-m+fp/hard\libc_nano.a(libc_a-wbuf.o)
                0x08015e4c                __swbuf_r
 .text.__swsetup_r
                0x08015ec8       0xac C:/ST/STM32CubeIDE_1.15.1/STM32CubeIDE/plugins/com.st.stm32cube.ide.mcu.externaltools.gnu-tools-for-stm32.12.3.rel1.win32_1.0.100.202403111256/tools/bin/../lib/gcc/arm-none-eabi/12.3.1/../../../../arm-none-eabi/lib/thumb/v7e-m+fp/hard\libc_nano.a(libc_a-wsetup.o)
                0x08015ec8                __swsetup_r
 .text._raise_r
                0x08015f74       0x50 C:/ST/STM32CubeIDE_1.15.1/STM32CubeIDE/plugins/com.st.stm32cube.ide.mcu.externaltools.gnu-tools-for-stm32.12.3.rel1.win32_1.0.100.202403111256/tools/bin/../lib/gcc/arm-none-eabi/12.3.1/../../../../arm-none-eabi/lib/thumb/v7e-m+fp/hard\libc_nano.a(libc_a-signal.o)
                0x08015f74                _raise_r
 .text.raise    0x08015fc4       0x10 C:/ST/STM32CubeIDE_1.15.1/STM32CubeIDE/plugins/com.st.stm32cube.ide.mcu.externaltools.gnu-tools-for-stm32.12.3.rel1.win32_1.0.100.202403111256/tools/bin/../lib/gcc/arm-none-eabi/12.3.1/../../../../arm-none-eabi/lib/thumb/v7e-m+fp/hard\libc_nano.a(libc_a-signal.o)
                0x08015fc4                raise
 .text._kill_r  0x08015fd4       0x24 C:/ST/STM32CubeIDE_1.15.1/STM32CubeIDE/plugins/com.st.stm32cube.ide.mcu.externaltools.gnu-tools-for-stm32.12.3.rel1.win32_1.0.100.202403111256/tools/bin/../lib/gcc/arm-none-eabi/12.3.1/../../../../arm-none-eabi/lib/thumb/v7e-m+fp/hard\libc_nano.a(libc_a-signalr.o)
                0x08015fd4                _kill_r
 .text._getpid_r
                0x08015ff8        0x4 C:/ST/STM32CubeIDE_1.15.1/STM32CubeIDE/plugins/com.st.stm32cube.ide.mcu.externaltools.gnu-tools-for-stm32.12.3.rel1.win32_1.0.100.202403111256/tools/bin/../lib/gcc/arm-none-eabi/12.3.1/../../../../arm-none-eabi/lib/thumb/v7e-m+fp/hard\libc_nano.a(libc_a-signalr.o)
                0x08015ff8                _getpid_r
 .text.__swhatbuf_r
                0x08015ffc       0x4c C:/ST/STM32CubeIDE_1.15.1/STM32CubeIDE/plugins/com.st.stm32cube.ide.mcu.externaltools.gnu-tools-for-stm32.12.3.rel1.win32_1.0.100.202403111256/tools/bin/../lib/gcc/arm-none-eabi/12.3.1/../../../../arm-none-eabi/lib/thumb/v7e-m+fp/hard\libc_nano.a(libc_a-makebuf.o)
                0x08015ffc                __swhatbuf_r
 .text.__smakebuf_r
                0x08016048       0x78 C:/ST/STM32CubeIDE_1.15.1/STM32CubeIDE/plugins/com.st.stm32cube.ide.mcu.externaltools.gnu-tools-for-stm32.12.3.rel1.win32_1.0.100.202403111256/tools/bin/../lib/gcc/arm-none-eabi/12.3.1/../../../../arm-none-eabi/lib/thumb/v7e-m+fp/hard\libc_nano.a(libc_a-makebuf.o)
                0x08016048                __smakebuf_r
 .text._fstat_r
                0x080160c0       0x24 C:/ST/STM32CubeIDE_1.15.1/STM32CubeIDE/plugins/com.st.stm32cube.ide.mcu.externaltools.gnu-tools-for-stm32.12.3.rel1.win32_1.0.100.202403111256/tools/bin/../lib/gcc/arm-none-eabi/12.3.1/../../../../arm-none-eabi/lib/thumb/v7e-m+fp/hard\libc_nano.a(libc_a-fstatr.o)
                0x080160c0                _fstat_r
 .text._isatty_r
                0x080160e4       0x20 C:/ST/STM32CubeIDE_1.15.1/STM32CubeIDE/plugins/com.st.stm32cube.ide.mcu.externaltools.gnu-tools-for-stm32.12.3.rel1.win32_1.0.100.202403111256/tools/bin/../lib/gcc/arm-none-eabi/12.3.1/../../../../arm-none-eabi/lib/thumb/v7e-m+fp/hard\libc_nano.a(libc_a-isattyr.o)
                0x080160e4                _isatty_r
 *fill*         0x08016104        0x4 
 .text.sin      0x08016108       0xa8 C:/ST/STM32CubeIDE_1.15.1/STM32CubeIDE/plugins/com.st.stm32cube.ide.mcu.externaltools.gnu-tools-for-stm32.12.3.rel1.win32_1.0.100.202403111256/tools/bin/../lib/gcc/arm-none-eabi/12.3.1/../../../../arm-none-eabi/lib/thumb/v7e-m+fp/hard\libm.a(libm_a-s_sin.o)
                0x08016108                sin
 .text.__kernel_cos
                0x080161b0      0x18c C:/ST/STM32CubeIDE_1.15.1/STM32CubeIDE/plugins/com.st.stm32cube.ide.mcu.externaltools.gnu-tools-for-stm32.12.3.rel1.win32_1.0.100.202403111256/tools/bin/../lib/gcc/arm-none-eabi/12.3.1/../../../../arm-none-eabi/lib/thumb/v7e-m+fp/hard\libm.a(libm_a-k_cos.o)
                0x080161b0                __kernel_cos
 *fill*         0x0801633c        0x4 
 .text.__kernel_sin
                0x08016340      0x174 C:/ST/STM32CubeIDE_1.15.1/STM32CubeIDE/plugins/com.st.stm32cube.ide.mcu.externaltools.gnu-tools-for-stm32.12.3.rel1.win32_1.0.100.202403111256/tools/bin/../lib/gcc/arm-none-eabi/12.3.1/../../../../arm-none-eabi/lib/thumb/v7e-m+fp/hard\libm.a(libm_a-k_sin.o)
                0x08016340                __kernel_sin
 *fill*         0x080164b4        0x4 
 .text.__ieee754_rem_pio2
                0x080164b8      0x3f8 C:/ST/STM32CubeIDE_1.15.1/STM32CubeIDE/plugins/com.st.stm32cube.ide.mcu.externaltools.gnu-tools-for-stm32.12.3.rel1.win32_1.0.100.202403111256/tools/bin/../lib/gcc/arm-none-eabi/12.3.1/../../../../arm-none-eabi/lib/thumb/v7e-m+fp/hard\libm.a(libm_a-e_rem_pio2.o)
                0x080164b8                __ieee754_rem_pio2
 .text.fabs     0x080168b0       0x10 C:/ST/STM32CubeIDE_1.15.1/STM32CubeIDE/plugins/com.st.stm32cube.ide.mcu.externaltools.gnu-tools-for-stm32.12.3.rel1.win32_1.0.100.202403111256/tools/bin/../lib/gcc/arm-none-eabi/12.3.1/../../../../arm-none-eabi/lib/thumb/v7e-m+fp/hard\libm.a(libm_a-s_fabs.o)
                0x080168b0                fabs
 .text.__kernel_rem_pio2
                0x080168c0      0x6b0 C:/ST/STM32CubeIDE_1.15.1/STM32CubeIDE/plugins/com.st.stm32cube.ide.mcu.externaltools.gnu-tools-for-stm32.12.3.rel1.win32_1.0.100.202403111256/tools/bin/../lib/gcc/arm-none-eabi/12.3.1/../../../../arm-none-eabi/lib/thumb/v7e-m+fp/hard\libm.a(libm_a-k_rem_pio2.o)
                0x080168c0                __kernel_rem_pio2
 .text.scalbn   0x08016f70       0xfc C:/ST/STM32CubeIDE_1.15.1/STM32CubeIDE/plugins/com.st.stm32cube.ide.mcu.externaltools.gnu-tools-for-stm32.12.3.rel1.win32_1.0.100.202403111256/tools/bin/../lib/gcc/arm-none-eabi/12.3.1/../../../../arm-none-eabi/lib/thumb/v7e-m+fp/hard\libm.a(libm_a-s_scalbn.o)
                0x08016f70                scalbn
 *fill*         0x0801706c        0x4 
 .text.floor    0x08017070       0xf8 C:/ST/STM32CubeIDE_1.15.1/STM32CubeIDE/plugins/com.st.stm32cube.ide.mcu.externaltools.gnu-tools-for-stm32.12.3.rel1.win32_1.0.100.202403111256/tools/bin/../lib/gcc/arm-none-eabi/12.3.1/../../../../arm-none-eabi/lib/thumb/v7e-m+fp/hard\libm.a(libm_a-s_floor.o)
                0x08017070                floor
 *(.glue_7)
 .glue_7        0x08017168        0x0 linker stubs
 *(.glue_7t)
 .glue_7t       0x08017168        0x0 linker stubs
 *(.eh_frame)
 .eh_frame      0x08017168        0x0 C:/ST/STM32CubeIDE_1.15.1/STM32CubeIDE/plugins/com.st.stm32cube.ide.mcu.externaltools.gnu-tools-for-stm32.12.3.rel1.win32_1.0.100.202403111256/tools/bin/../lib/gcc/arm-none-eabi/12.3.1/thumb/v7e-m+fp/hard/crtbegin.o
 *(.init)
 .init          0x08017168        0x4 C:/ST/STM32CubeIDE_1.15.1/STM32CubeIDE/plugins/com.st.stm32cube.ide.mcu.externaltools.gnu-tools-for-stm32.12.3.rel1.win32_1.0.100.202403111256/tools/bin/../lib/gcc/arm-none-eabi/12.3.1/thumb/v7e-m+fp/hard/crti.o
                0x08017168                _init
 .init          0x0801716c        0x8 C:/ST/STM32CubeIDE_1.15.1/STM32CubeIDE/plugins/com.st.stm32cube.ide.mcu.externaltools.gnu-tools-for-stm32.12.3.rel1.win32_1.0.100.202403111256/tools/bin/../lib/gcc/arm-none-eabi/12.3.1/thumb/v7e-m+fp/hard/crtn.o
 *(.fini)
 .fini          0x08017174        0x4 C:/ST/STM32CubeIDE_1.15.1/STM32CubeIDE/plugins/com.st.stm32cube.ide.mcu.externaltools.gnu-tools-for-stm32.12.3.rel1.win32_1.0.100.202403111256/tools/bin/../lib/gcc/arm-none-eabi/12.3.1/thumb/v7e-m+fp/hard/crti.o
                0x08017174                _fini
 .fini          0x08017178        0x8 C:/ST/STM32CubeIDE_1.15.1/STM32CubeIDE/plugins/com.st.stm32cube.ide.mcu.externaltools.gnu-tools-for-stm32.12.3.rel1.win32_1.0.100.202403111256/tools/bin/../lib/gcc/arm-none-eabi/12.3.1/thumb/v7e-m+fp/hard/crtn.o
                0x08017180                        . = ALIGN (0x4)
                0x08017180                        _etext = .

.vfp11_veneer   0x08017180        0x0
 .vfp11_veneer  0x08017180        0x0 linker stubs

.v4_bx          0x08017180        0x0
 .v4_bx         0x08017180        0x0 linker stubs

.iplt           0x08017180        0x0
 .iplt          0x08017180        0x0 C:/ST/STM32CubeIDE_1.15.1/STM32CubeIDE/plugins/com.st.stm32cube.ide.mcu.externaltools.gnu-tools-for-stm32.12.3.rel1.win32_1.0.100.202403111256/tools/bin/../lib/gcc/arm-none-eabi/12.3.1/thumb/v7e-m+fp/hard/crtbegin.o

.rodata         0x08017180      0x628
                0x08017180                        . = ALIGN (0x4)
 *(.rodata)
 .rodata        0x08017180       0x18 ./Core/Src/system_stm32f4xx.o
                0x08017180                AHBPrescTable
                0x08017190                APBPrescTable
 .rodata        0x08017198        0x8 ./Drivers/STM32F4xx_HAL_Driver/Src/stm32f4xx_hal_dma.o
 *(.rodata*)
 .rodata._printf_float.str1.1
                0x080171a0       0x12 C:/ST/STM32CubeIDE_1.15.1/STM32CubeIDE/plugins/com.st.stm32cube.ide.mcu.externaltools.gnu-tools-for-stm32.12.3.rel1.win32_1.0.100.202403111256/tools/bin/../lib/gcc/arm-none-eabi/12.3.1/../../../../arm-none-eabi/lib/thumb/v7e-m+fp/hard\libc_nano.a(libc_a-nano-vfprintf_float.o)
 .rodata._printf_i.str1.1
                0x080171b2       0x22 C:/ST/STM32CubeIDE_1.15.1/STM32CubeIDE/plugins/com.st.stm32cube.ide.mcu.externaltools.gnu-tools-for-stm32.12.3.rel1.win32_1.0.100.202403111256/tools/bin/../lib/gcc/arm-none-eabi/12.3.1/../../../../arm-none-eabi/lib/thumb/v7e-m+fp/hard\libc_nano.a(libc_a-nano-vfprintf_i.o)
 .rodata._scanf_float.str1.1
                0x080171d4        0x5 C:/ST/STM32CubeIDE_1.15.1/STM32CubeIDE/plugins/com.st.stm32cube.ide.mcu.externaltools.gnu-tools-for-stm32.12.3.rel1.win32_1.0.100.202403111256/tools/bin/../lib/gcc/arm-none-eabi/12.3.1/../../../../arm-none-eabi/lib/thumb/v7e-m+fp/hard\libc_nano.a(libc_a-nano-vfscanf_float.o)
                                  0x6 (size before relaxing)
 .rodata._dtoa_r.str1.1
                0x080171d9       0x8d C:/ST/STM32CubeIDE_1.15.1/STM32CubeIDE/plugins/com.st.stm32cube.ide.mcu.externaltools.gnu-tools-for-stm32.12.3.rel1.win32_1.0.100.202403111256/tools/bin/../lib/gcc/arm-none-eabi/12.3.1/../../../../arm-none-eabi/lib/thumb/v7e-m+fp/hard\libc_nano.a(libc_a-dtoa.o)
                                 0x8f (size before relaxing)
 .rodata._Balloc.str1.1
                0x08017266       0x59 C:/ST/STM32CubeIDE_1.15.1/STM32CubeIDE/plugins/com.st.stm32cube.ide.mcu.externaltools.gnu-tools-for-stm32.12.3.rel1.win32_1.0.100.202403111256/tools/bin/../lib/gcc/arm-none-eabi/12.3.1/../../../../arm-none-eabi/lib/thumb/v7e-m+fp/hard\libc_nano.a(libc_a-mprec.o)
                                 0x70 (size before relaxing)
 .rodata.__multadd.str1.1
                0x080172bf       0x11 C:/ST/STM32CubeIDE_1.15.1/STM32CubeIDE/plugins/com.st.stm32cube.ide.mcu.externaltools.gnu-tools-for-stm32.12.3.rel1.win32_1.0.100.202403111256/tools/bin/../lib/gcc/arm-none-eabi/12.3.1/../../../../arm-none-eabi/lib/thumb/v7e-m+fp/hard\libc_nano.a(libc_a-mprec.o)
 *fill*         0x080172bf        0x1 
 .rodata.p05.0  0x080172c0        0xc C:/ST/STM32CubeIDE_1.15.1/STM32CubeIDE/plugins/com.st.stm32cube.ide.mcu.externaltools.gnu-tools-for-stm32.12.3.rel1.win32_1.0.100.202403111256/tools/bin/../lib/gcc/arm-none-eabi/12.3.1/../../../../arm-none-eabi/lib/thumb/v7e-m+fp/hard\libc_nano.a(libc_a-mprec.o)
 *fill*         0x080172cc        0x4 
 .rodata.__mprec_bigtens
                0x080172d0       0x28 C:/ST/STM32CubeIDE_1.15.1/STM32CubeIDE/plugins/com.st.stm32cube.ide.mcu.externaltools.gnu-tools-for-stm32.12.3.rel1.win32_1.0.100.202403111256/tools/bin/../lib/gcc/arm-none-eabi/12.3.1/../../../../arm-none-eabi/lib/thumb/v7e-m+fp/hard\libc_nano.a(libc_a-mprec.o)
                0x080172d0                __mprec_bigtens
 .rodata.__mprec_tens
                0x080172f8       0xc8 C:/ST/STM32CubeIDE_1.15.1/STM32CubeIDE/plugins/com.st.stm32cube.ide.mcu.externaltools.gnu-tools-for-stm32.12.3.rel1.win32_1.0.100.202403111256/tools/bin/../lib/gcc/arm-none-eabi/12.3.1/../../../../arm-none-eabi/lib/thumb/v7e-m+fp/hard\libc_nano.a(libc_a-mprec.o)
                0x080172f8                __mprec_tens
 .rodata._strtod_l.str1.1
                0x080173c0        0x2 C:/ST/STM32CubeIDE_1.15.1/STM32CubeIDE/plugins/com.st.stm32cube.ide.mcu.externaltools.gnu-tools-for-stm32.12.3.rel1.win32_1.0.100.202403111256/tools/bin/../lib/gcc/arm-none-eabi/12.3.1/../../../../arm-none-eabi/lib/thumb/v7e-m+fp/hard\libc_nano.a(libc_a-strtod.o)
                                  0xf (size before relaxing)
 *fill*         0x080173c2        0x2 
 .rodata.fpinan.0
                0x080173c4       0x14 C:/ST/STM32CubeIDE_1.15.1/STM32CubeIDE/plugins/com.st.stm32cube.ide.mcu.externaltools.gnu-tools-for-stm32.12.3.rel1.win32_1.0.100.202403111256/tools/bin/../lib/gcc/arm-none-eabi/12.3.1/../../../../arm-none-eabi/lib/thumb/v7e-m+fp/hard\libc_nano.a(libc_a-strtod.o)
 .rodata.fpi.1  0x080173d8       0x14 C:/ST/STM32CubeIDE_1.15.1/STM32CubeIDE/plugins/com.st.stm32cube.ide.mcu.externaltools.gnu-tools-for-stm32.12.3.rel1.win32_1.0.100.202403111256/tools/bin/../lib/gcc/arm-none-eabi/12.3.1/../../../../arm-none-eabi/lib/thumb/v7e-m+fp/hard\libc_nano.a(libc_a-strtod.o)
 *fill*         0x080173ec        0x4 
 .rodata.tinytens
                0x080173f0       0x28 C:/ST/STM32CubeIDE_1.15.1/STM32CubeIDE/plugins/com.st.stm32cube.ide.mcu.externaltools.gnu-tools-for-stm32.12.3.rel1.win32_1.0.100.202403111256/tools/bin/../lib/gcc/arm-none-eabi/12.3.1/../../../../arm-none-eabi/lib/thumb/v7e-m+fp/hard\libc_nano.a(libc_a-strtod.o)
 .rodata._ctype_
                0x08017418      0x101 C:/ST/STM32CubeIDE_1.15.1/STM32CubeIDE/plugins/com.st.stm32cube.ide.mcu.externaltools.gnu-tools-for-stm32.12.3.rel1.win32_1.0.100.202403111256/tools/bin/../lib/gcc/arm-none-eabi/12.3.1/../../../../arm-none-eabi/lib/thumb/v7e-m+fp/hard\libc_nano.a(libc_a-ctype_.o)
                0x08017418                _ctype_
 .rodata._svfprintf_r.str1.1
                0x08017519       0x11 C:/ST/STM32CubeIDE_1.15.1/STM32CubeIDE/plugins/com.st.stm32cube.ide.mcu.externaltools.gnu-tools-for-stm32.12.3.rel1.win32_1.0.100.202403111256/tools/bin/../lib/gcc/arm-none-eabi/12.3.1/../../../../arm-none-eabi/lib/thumb/v7e-m+fp/hard\libc_nano.a(libc_a-nano-svfprintf.o)
 .rodata._setlocale_r.str1.1
                0x0801752a        0x8 C:/ST/STM32CubeIDE_1.15.1/STM32CubeIDE/plugins/com.st.stm32cube.ide.mcu.externaltools.gnu-tools-for-stm32.12.3.rel1.win32_1.0.100.202403111256/tools/bin/../lib/gcc/arm-none-eabi/12.3.1/../../../../arm-none-eabi/lib/thumb/v7e-m+fp/hard\libc_nano.a(libc_a-locale.o)
                                  0x9 (size before relaxing)
 .rodata.str1.1
                0x08017532        0x2 C:/ST/STM32CubeIDE_1.15.1/STM32CubeIDE/plugins/com.st.stm32cube.ide.mcu.externaltools.gnu-tools-for-stm32.12.3.rel1.win32_1.0.100.202403111256/tools/bin/../lib/gcc/arm-none-eabi/12.3.1/../../../../arm-none-eabi/lib/thumb/v7e-m+fp/hard\libc_nano.a(libc_a-locale.o)
 .rodata.__assert_func.str1.1
                0x08017532       0x3c C:/ST/STM32CubeIDE_1.15.1/STM32CubeIDE/plugins/com.st.stm32cube.ide.mcu.externaltools.gnu-tools-for-stm32.12.3.rel1.win32_1.0.100.202403111256/tools/bin/../lib/gcc/arm-none-eabi/12.3.1/../../../../arm-none-eabi/lib/thumb/v7e-m+fp/hard\libc_nano.a(libc_a-assert.o)
                                 0x3d (size before relaxing)
 .rodata.__gethex.str1.1
                0x0801756e       0x60 C:/ST/STM32CubeIDE_1.15.1/STM32CubeIDE/plugins/com.st.stm32cube.ide.mcu.externaltools.gnu-tools-for-stm32.12.3.rel1.win32_1.0.100.202403111256/tools/bin/../lib/gcc/arm-none-eabi/12.3.1/../../../../arm-none-eabi/lib/thumb/v7e-m+fp/hard\libc_nano.a(libc_a-gdtoa-gethex.o)
                                 0x73 (size before relaxing)
 .rodata._vfprintf_r.str1.1
                0x080175ce       0x11 C:/ST/STM32CubeIDE_1.15.1/STM32CubeIDE/plugins/com.st.stm32cube.ide.mcu.externaltools.gnu-tools-for-stm32.12.3.rel1.win32_1.0.100.202403111256/tools/bin/../lib/gcc/arm-none-eabi/12.3.1/../../../../arm-none-eabi/lib/thumb/v7e-m+fp/hard\libc_nano.a(libc_a-nano-vfprintf.o)
 *fill*         0x080175ce        0x2 
 .rodata.npio2_hw
                0x080175d0       0x80 C:/ST/STM32CubeIDE_1.15.1/STM32CubeIDE/plugins/com.st.stm32cube.ide.mcu.externaltools.gnu-tools-for-stm32.12.3.rel1.win32_1.0.100.202403111256/tools/bin/../lib/gcc/arm-none-eabi/12.3.1/../../../../arm-none-eabi/lib/thumb/v7e-m+fp/hard\libm.a(libm_a-e_rem_pio2.o)
 .rodata.two_over_pi
                0x08017650      0x108 C:/ST/STM32CubeIDE_1.15.1/STM32CubeIDE/plugins/com.st.stm32cube.ide.mcu.externaltools.gnu-tools-for-stm32.12.3.rel1.win32_1.0.100.202403111256/tools/bin/../lib/gcc/arm-none-eabi/12.3.1/../../../../arm-none-eabi/lib/thumb/v7e-m+fp/hard\libm.a(libm_a-e_rem_pio2.o)
 .rodata.PIo2   0x08017758       0x40 C:/ST/STM32CubeIDE_1.15.1/STM32CubeIDE/plugins/com.st.stm32cube.ide.mcu.externaltools.gnu-tools-for-stm32.12.3.rel1.win32_1.0.100.202403111256/tools/bin/../lib/gcc/arm-none-eabi/12.3.1/../../../../arm-none-eabi/lib/thumb/v7e-m+fp/hard\libm.a(libm_a-k_rem_pio2.o)
 .rodata.init_jk
                0x08017798       0x10 C:/ST/STM32CubeIDE_1.15.1/STM32CubeIDE/plugins/com.st.stm32cube.ide.mcu.externaltools.gnu-tools-for-stm32.12.3.rel1.win32_1.0.100.202403111256/tools/bin/../lib/gcc/arm-none-eabi/12.3.1/../../../../arm-none-eabi/lib/thumb/v7e-m+fp/hard\libm.a(libm_a-k_rem_pio2.o)
                0x080177a8                        . = ALIGN (0x4)

.ARM.extab      0x080177a8        0x0
                0x080177a8                        . = ALIGN (0x4)
 *(.ARM.extab* .gnu.linkonce.armextab.*)
                0x080177a8                        . = ALIGN (0x4)

.ARM            0x080177a8        0x8
                0x080177a8                        . = ALIGN (0x4)
                0x080177a8                        __exidx_start = .
 *(.ARM.exidx*)
 .ARM.exidx     0x080177a8        0x8 C:/ST/STM32CubeIDE_1.15.1/STM32CubeIDE/plugins/com.st.stm32cube.ide.mcu.externaltools.gnu-tools-for-stm32.12.3.rel1.win32_1.0.100.202403111256/tools/bin/../lib/gcc/arm-none-eabi/12.3.1/../../../../arm-none-eabi/lib/thumb/v7e-m+fp/hard\libc_nano.a(libc_a-memchr.o)
 .ARM.exidx     0x080177b0        0x0 C:/ST/STM32CubeIDE_1.15.1/STM32CubeIDE/plugins/com.st.stm32cube.ide.mcu.externaltools.gnu-tools-for-stm32.12.3.rel1.win32_1.0.100.202403111256/tools/bin/../lib/gcc/arm-none-eabi/12.3.1/../../../../arm-none-eabi/lib/thumb/v7e-m+fp/hard\libc_nano.a(libc_a-strlen.o)
                                  0x8 (size before relaxing)
 .ARM.exidx     0x080177b0        0x0 C:/ST/STM32CubeIDE_1.15.1/STM32CubeIDE/plugins/com.st.stm32cube.ide.mcu.externaltools.gnu-tools-for-stm32.12.3.rel1.win32_1.0.100.202403111256/tools/bin/../lib/gcc/arm-none-eabi/12.3.1/thumb/v7e-m+fp/hard\libgcc.a(_udivmoddi4.o)
                                  0x8 (size before relaxing)
                0x080177b0                        __exidx_end = .
                0x080177b0                        . = ALIGN (0x4)

.preinit_array  0x080177b0        0x0
                0x080177b0                        . = ALIGN (0x4)
                0x080177b0                        PROVIDE (__preinit_array_start = .)
 *(.preinit_array*)
                0x080177b0                        PROVIDE (__preinit_array_end = .)
                0x080177b0                        . = ALIGN (0x4)

.init_array     0x080177b0        0x4
                0x080177b0                        . = ALIGN (0x4)
                0x080177b0                        PROVIDE (__init_array_start = .)
 *(SORT_BY_NAME(.init_array.*))
 *(.init_array*)
 .init_array    0x080177b0        0x4 C:/ST/STM32CubeIDE_1.15.1/STM32CubeIDE/plugins/com.st.stm32cube.ide.mcu.externaltools.gnu-tools-for-stm32.12.3.rel1.win32_1.0.100.202403111256/tools/bin/../lib/gcc/arm-none-eabi/12.3.1/thumb/v7e-m+fp/hard/crtbegin.o
                0x080177b4                        PROVIDE (__init_array_end = .)
                0x080177b4                        . = ALIGN (0x4)

.fini_array     0x080177b4        0x4
                0x080177b4                        . = ALIGN (0x4)
                [!provide]                        PROVIDE (__fini_array_start = .)
 *(SORT_BY_NAME(.fini_array.*))
 *(.fini_array*)