../Core/Src/main.c:66:6:LED_Init	16	static
../Core/Src/main.c:77:5:main	8	static
../Core/Src/main.c:123:6:SystemClock_Config	88	static
../Core/Src/main.c:165:13:MX_USART2_UART_Init	8	static
../Core/Src/main.c:198:13:MX_GPIO_Init	40	static
../Core/Src/main.c:226:6:Set_LEDs	24	static
../Core/Src/main.c:236:6:Process_Command	24	static
../Core/Src/main.c:271:6:HAL_UART_RxCpltCallback	16	static
../Core/Src/main.c:278:6:HAL_UART_TxCpltCallback	16	static
../Core/Src/main.c:289:6:Error_Handler	4	static,ignoring_inline_asm
